2026-05-28 15:11:44 [error]: DB connection error: querySrv ECONNREFUSED _mongodb._tcp.mongodb-test.mongodb.net - Error: querySrv ECONNREFUSED _mongodb._tcp.mongodb-test.mongodb.net
    at QueryReqWrap.onresolve [as oncomplete] (node:internal/dns/promises:294:17)
2026-05-28 15:33:42 [error]: DB connection error: querySrv ECONNREFUSED _mongodb._tcp.mongodb-test.mongodb.net - Error: querySrv ECONNREFUSED _mongodb._tcp.mongodb-test.mongodb.net
    at QueryReqWrap.onresolve [as oncomplete] (node:internal/dns/promises:294:17)
2026-05-28 15:37:01 [error]: DB connection error: querySrv ECONNREFUSED _mongodb._tcp.mongodb-test.mongodb.net - Error: querySrv ECONNREFUSED _mongodb._tcp.mongodb-test.mongodb.net
    at QueryReqWrap.onresolve [as oncomplete] (node:internal/dns/promises:294:17)
2026-05-29 16:49:31 [error]: DB connection error: querySrv ECONNREFUSED _mongodb._tcp.billing-system.j1yrr.mongodb.net - Error: querySrv ECONNREFUSED _mongodb._tcp.billing-system.j1yrr.mongodb.net
    at QueryReqWrap.onresolve [as oncomplete] (node:internal/dns/promises:294:17)
2026-05-29 16:49:36 [error]: DB connection error: querySrv ECONNREFUSED _mongodb._tcp.billing-system.j1yrr.mongodb.net - Error: querySrv ECONNREFUSED _mongodb._tcp.billing-system.j1yrr.mongodb.net
    at QueryReqWrap.onresolve [as oncomplete] (node:internal/dns/promises:294:17)
2026-05-29 17:01:19 [error]: DB connection error: querySrv ECONNREFUSED _mongodb._tcp.billing-system.j1yrr.mongodb.net - Error: querySrv ECONNREFUSED _mongodb._tcp.billing-system.j1yrr.mongodb.net
    at QueryReqWrap.onresolve [as oncomplete] (node:internal/dns/promises:294:17)
2026-05-29 17:02:28 [error]: DB connection error: querySrv ECONNREFUSED _mongodb._tcp.billing-system.j1yrr.mongodb.net - Error: querySrv ECONNREFUSED _mongodb._tcp.billing-system.j1yrr.mongodb.net
    at QueryReqWrap.onresolve [as oncomplete] (node:internal/dns/promises:294:17)
2026-05-29 17:09:10 [error]: DB connection error: querySrv ECONNREFUSED _mongodb._tcp.billing-system.j1yrr.mongodb.net - Error: querySrv ECONNREFUSED _mongodb._tcp.billing-system.j1yrr.mongodb.net
    at QueryReqWrap.onresolve [as oncomplete] (node:internal/dns/promises:294:17)
2026-05-29 17:13:04 [error]: DB connection error: querySrv ECONNREFUSED _mongodb._tcp.billing-system.j1yrr.mongodb.net - Error: querySrv ECONNREFUSED _mongodb._tcp.billing-system.j1yrr.mongodb.net
    at QueryReqWrap.onresolve [as oncomplete] (node:internal/dns/promises:294:17)
2026-06-01 08:17:09 [error]: DB connection error: querySrv ECONNREFUSED _mongodb._tcp.billing-system.j1yrr.mongodb.net - Error: querySrv ECONNREFUSED _mongodb._tcp.billing-system.j1yrr.mongodb.net
    at QueryReqWrap.onresolve [as oncomplete] (node:internal/dns/promises:294:17)
2026-06-01 08:18:11 [error]: DB connection error: querySrv ECONNREFUSED _mongodb._tcp.billing-system.j1yrr.mongodb.net - Error: querySrv ECONNREFUSED _mongodb._tcp.billing-system.j1yrr.mongodb.net
    at QueryReqWrap.onresolve [as oncomplete] (node:internal/dns/promises:294:17)
2026-06-01 08:19:24 [error]: DB connection error: querySrv ECONNREFUSED _mongodb._tcp.billing-system.j1yrr.mongodb.net - Error: querySrv ECONNREFUSED _mongodb._tcp.billing-system.j1yrr.mongodb.net
    at QueryReqWrap.onresolve [as oncomplete] (node:internal/dns/promises:294:17)
2026-06-01 08:20:12 [error]: DB connection error: querySrv ECONNREFUSED _mongodb._tcp.billing-system.j1yrr.mongodb.net - Error: querySrv ECONNREFUSED _mongodb._tcp.billing-system.j1yrr.mongodb.net
    at QueryReqWrap.onresolve [as oncomplete] (node:internal/dns/promises:294:17)
2026-06-01 08:22:03 [error]: DB connection error: querySrv ECONNREFUSED _mongodb._tcp.billing-system.j1yrr.mongodb.net - Error: querySrv ECONNREFUSED _mongodb._tcp.billing-system.j1yrr.mongodb.net
    at QueryReqWrap.onresolve [as oncomplete] (node:internal/dns/promises:294:17)
2026-06-01 08:22:10 [error]: DB connection error: querySrv ECONNREFUSED _mongodb._tcp.billing-system.j1yrr.mongodb.net - Error: querySrv ECONNREFUSED _mongodb._tcp.billing-system.j1yrr.mongodb.net
    at QueryReqWrap.onresolve [as oncomplete] (node:internal/dns/promises:294:17)
2026-06-01 08:22:12 [error]: DB connection error: querySrv ECONNREFUSED _mongodb._tcp.billing-system.j1yrr.mongodb.net - Error: querySrv ECONNREFUSED _mongodb._tcp.billing-system.j1yrr.mongodb.net
    at QueryReqWrap.onresolve [as oncomplete] (node:internal/dns/promises:294:17)
2026-06-01 08:22:24 [error]: DB connection error: querySrv ECONNREFUSED _mongodb._tcp.billing-system.j1yrr.mongodb.net - Error: querySrv ECONNREFUSED _mongodb._tcp.billing-system.j1yrr.mongodb.net
    at QueryReqWrap.onresolve [as oncomplete] (node:internal/dns/promises:294:17)
2026-06-02 11:56:13 [error]: DB connection error: Could not connect to any servers in your MongoDB Atlas cluster. One common reason is that you're trying to access the database from an IP that isn't whitelisted. Make sure your current IP address is on your Atlas cluster's IP whitelist: https://www.mongodb.com/docs/atlas/security-whitelist/ - MongooseServerSelectionError: Could not connect to any servers in your MongoDB Atlas cluster. One common reason is that you're trying to access the database from an IP that isn't whitelisted. Make sure your current IP address is on your Atlas cluster's IP whitelist: https://www.mongodb.com/docs/atlas/security-whitelist/
    at _handleConnectionErrors (C:\Users\lbrdc\OneDrive\Desktop\billing-system\backend\node_modules\mongoose\lib\connection.js:1180:11)
    at NativeConnection.openUri (C:\Users\lbrdc\OneDrive\Desktop\billing-system\backend\node_modules\mongoose\lib\connection.js:1111:11)
2026-06-02 11:59:30 [error]: Unhandled Error Cannot read properties of undefined (reading 'data') - TypeError: Cannot read properties of undefined (reading 'data')
    at addToTable (file:///C:/Users/lbrdc/OneDrive/Desktop/billing-system/backend/utils/graphClient.js:399:36)
    at Layer.handleRequest (C:\Users\lbrdc\OneDrive\Desktop\billing-system\backend\node_modules\router\lib\layer.js:152:17)
    at next (C:\Users\lbrdc\OneDrive\Desktop\billing-system\backend\node_modules\router\lib\route.js:157:13)
    at Route.dispatch (C:\Users\lbrdc\OneDrive\Desktop\billing-system\backend\node_modules\router\lib\route.js:117:3)
    at handle (C:\Users\lbrdc\OneDrive\Desktop\billing-system\backend\node_modules\router\index.js:435:11)
    at Layer.handleRequest (C:\Users\lbrdc\OneDrive\Desktop\billing-system\backend\node_modules\router\lib\layer.js:152:17)
    at C:\Users\lbrdc\OneDrive\Desktop\billing-system\backend\node_modules\router\index.js:295:15
    at param (C:\Users\lbrdc\OneDrive\Desktop\billing-system\backend\node_modules\router\index.js:600:14)
    at param (C:\Users\lbrdc\OneDrive\Desktop\billing-system\backend\node_modules\router\index.js:610:14)
    at processParams (C:\Users\lbrdc\OneDrive\Desktop\billing-system\backend\node_modules\router\index.js:664:3)
2026-06-02 11:59:30 [warn]: HTTP Request {
  "method": "POST",
  "path": "/api/manpower/btr/add",
  "status": 500,
  "duration": "2ms",
  "ip": "::1",
  "userAgent": "Mozilla/5.0 (Windows NT 10.0; Win64; x64) AppleWebKit/537.36 (KHTML, like Gecko) Chrome/148.0.0.0 Safari/537.36",
  "userId": "695f4b3fc9882594236f3394"
}
2026-06-02 11:59:37 [warn]: HTTP Request {
  "method": "GET",
  "path": "/manpower/btr/list",
  "status": 500,
  "duration": "1017ms",
  "ip": "::1",
  "userAgent": "Mozilla/5.0 (Windows NT 10.0; Win64; x64) AppleWebKit/537.36 (KHTML, like Gecko) Chrome/148.0.0.0 Safari/537.36",
  "userId": "695f4b3fc9882594236f3394"
}
2026-06-05 10:04:42 [warn]: HTTP Request {
  "method": "POST",
  "path": "/manpower/ofbank/add",
  "status": 500,
  "duration": "1450ms",
  "ip": "::1",
  "userAgent": "Mozilla/5.0 (Windows NT 10.0; Win64; x64) AppleWebKit/537.36 (KHTML, like Gecko) Chrome/148.0.0.0 Safari/537.36",
  "userId": "695f4b3fc9882594236f3394"
}
2026-06-05 13:33:13 [warn]: HTTP Request {
  "method": "POST",
  "path": "/manpower/ofbank/add",
  "status": 500,
  "duration": "2086ms",
  "ip": "::1",
  "userAgent": "Mozilla/5.0 (Windows NT 10.0; Win64; x64) AppleWebKit/537.36 (KHTML, like Gecko) Chrome/148.0.0.0 Safari/537.36",
  "userId": "695f4b3fc9882594236f3394"
}
2026-06-05 14:09:23 [warn]: HTTP Request {
  "method": "GET",
  "path": "/manpower/ofbank/list",
  "status": 401,
  "duration": "3ms",
  "ip": "::1",
  "userAgent": "PostmanRuntime/7.54.0",
  "userId": "anonymous"
}
2026-06-09 19:39:18 [warn]: HTTP Request {
  "method": "PATCH",
  "path": "/manpower/ofbank/0/edit",
  "status": 500,
  "duration": "1423ms",
  "ip": "::1",
  "userAgent": "Mozilla/5.0 (Windows NT 10.0; Win64; x64) AppleWebKit/537.36 (KHTML, like Gecko) Chrome/148.0.0.0 Safari/537.36",
  "userId": "695f4b3fc9882594236f3394"
}
2026-06-10 15:57:37 [warn]: HTTP Request {
  "method": "POST",
  "path": "/manpower/ofbank/add",
  "status": 500,
  "duration": "3606ms",
  "ip": "::1",
  "userAgent": "Mozilla/5.0 (Windows NT 10.0; Win64; x64) AppleWebKit/537.36 (KHTML, like Gecko) Chrome/149.0.0.0 Safari/537.36",
  "userId": "695f4b3fc9882594236f3394"
}
2026-06-15 07:36:11 [warn]: HTTP Request {
  "method": "POST",
  "path": "/editor/create/ofbank/ofbank",
  "status": 500,
  "duration": "10375ms",
  "ip": "::1",
  "userAgent": "Mozilla/5.0 (Windows NT 10.0; Win64; x64) AppleWebKit/537.36 (KHTML, like Gecko) Chrome/149.0.0.0 Safari/537.36",
  "userId": "695f4b3fc9882594236f3394"
}
2026-06-15 07:38:39 [warn]: HTTP Request {
  "method": "POST",
  "path": "/editor/create/ofbank/ofbank",
  "status": 500,
  "duration": "1155ms",
  "ip": "::1",
  "userAgent": "Mozilla/5.0 (Windows NT 10.0; Win64; x64) AppleWebKit/537.36 (KHTML, like Gecko) Chrome/149.0.0.0 Safari/537.36",
  "userId": "695f4b3fc9882594236f3394"
}
2026-06-16 08:55:43 [warn]: HTTP Request {
  "method": "PATCH",
  "path": "/editor/ofbank/01O6RSSI4HKP4OJROGGJEJBJQOXXZNLCUV/setup",
  "status": 500,
  "duration": "3380ms",
  "ip": "::1",
  "userAgent": "Mozilla/5.0 (Windows NT 10.0; Win64; x64) AppleWebKit/537.36 (KHTML, like Gecko) Chrome/149.0.0.0 Safari/537.36",
  "userId": "695f4b3fc9882594236f3394"
}
2026-06-16 15:28:03 [warn]: HTTP Request {
  "method": "PATCH",
  "path": "/editor/ofbank/01O6RSSI7E2EEESAMADFAI7KYSV4EQKVH6/setup",
  "status": 500,
  "duration": "4519ms",
  "ip": "::1",
  "userAgent": "Mozilla/5.0 (Windows NT 10.0; Win64; x64) AppleWebKit/537.36 (KHTML, like Gecko) Chrome/149.0.0.0 Safari/537.36",
  "userId": "695f4b3fc9882594236f3394"
}
2026-06-24 10:46:49 [warn]: HTTP Request {
  "method": "GET",
  "path": "/auth/me",
  "status": 401,
  "duration": "7ms",
  "ip": "::1",
  "userAgent": "Mozilla/5.0 (Windows NT 10.0; Win64; x64) AppleWebKit/537.36 (KHTML, like Gecko) Chrome/149.0.0.0 Safari/537.36",
  "userId": "anonymous"
}
2026-06-24 10:55:09 [warn]: HTTP Request {
  "method": "PATCH",
  "path": "/editor/monthly-supplies/01O6RSSI4FOKIMVFBNHFA26OAF2MSWX5VN/setup",
  "status": 500,
  "duration": "6948ms",
  "ip": "::1",
  "userAgent": "Mozilla/5.0 (Windows NT 10.0; Win64; x64) AppleWebKit/537.36 (KHTML, like Gecko) Chrome/149.0.0.0 Safari/537.36",
  "userId": "695f4b3fc9882594236f3394"
}
2026-06-24 14:33:55 [warn]: HTTP Request {
  "method": "GET",
  "path": "/auth/me",
  "status": 401,
  "duration": "34ms",
  "ip": "::1",
  "userAgent": "Mozilla/5.0 (Windows NT 10.0; Win64; x64) AppleWebKit/537.36 (KHTML, like Gecko) Chrome/149.0.0.0 Safari/537.36",
  "userId": "anonymous"
}
2026-06-24 14:34:15 [error]: Unhandled Error Cannot read properties of undefined (reading 'map') - TypeError: Cannot read properties of undefined (reading 'map')
    at file:///C:/Users/lbrdc/OneDrive/Desktop/billing-system/backend/middleware/validate.middleware.js:29:45
    at Layer.handleRequest (C:\Users\lbrdc\OneDrive\Desktop\billing-system\backend\node_modules\router\lib\layer.js:152:17)
    at next (C:\Users\lbrdc\OneDrive\Desktop\billing-system\backend\node_modules\router\lib\route.js:157:13)
    at file:///C:/Users/lbrdc/OneDrive/Desktop/billing-system/backend/middleware/validateObjectId.middleware.js:32:9
    at Layer.handleRequest (C:\Users\lbrdc\OneDrive\Desktop\billing-system\backend\node_modules\router\lib\layer.js:152:17)
    at next (C:\Users\lbrdc\OneDrive\Desktop\billing-system\backend\node_modules\router\lib\route.js:157:13)
    at Route.dispatch (C:\Users\lbrdc\OneDrive\Desktop\billing-system\backend\node_modules\router\lib\route.js:117:3)
    at handle (C:\Users\lbrdc\OneDrive\Desktop\billing-system\backend\node_modules\router\index.js:435:11)
    at Layer.handleRequest (C:\Users\lbrdc\OneDrive\Desktop\billing-system\backend\node_modules\router\lib\layer.js:152:17)
    at C:\Users\lbrdc\OneDrive\Desktop\billing-system\backend\node_modules\router\index.js:295:15
2026-06-24 14:34:15 [warn]: HTTP Request {
  "method": "PUT",
  "path": "/api/user/6a3b7990d5dadae5428dfb20",
  "status": 500,
  "duration": "6ms",
  "ip": "::1",
  "userAgent": "Mozilla/5.0 (Windows NT 10.0; Win64; x64) AppleWebKit/537.36 (KHTML, like Gecko) Chrome/149.0.0.0 Safari/537.36",
  "userId": "695f4b3fc9882594236f3394"
}
2026-06-24 14:35:47 [error]: Unhandled Error Cannot read properties of undefined (reading 'map') - TypeError: Cannot read properties of undefined (reading 'map')
    at file:///C:/Users/lbrdc/OneDrive/Desktop/billing-system/backend/middleware/validate.middleware.js:29:45
    at Layer.handleRequest (C:\Users\lbrdc\OneDrive\Desktop\billing-system\backend\node_modules\router\lib\layer.js:152:17)
    at next (C:\Users\lbrdc\OneDrive\Desktop\billing-system\backend\node_modules\router\lib\route.js:157:13)
    at file:///C:/Users/lbrdc/OneDrive/Desktop/billing-system/backend/middleware/validateObjectId.middleware.js:32:9
    at Layer.handleRequest (C:\Users\lbrdc\OneDrive\Desktop\billing-system\backend\node_modules\router\lib\layer.js:152:17)
    at next (C:\Users\lbrdc\OneDrive\Desktop\billing-system\backend\node_modules\router\lib\route.js:157:13)
    at Route.dispatch (C:\Users\lbrdc\OneDrive\Desktop\billing-system\backend\node_modules\router\lib\route.js:117:3)
    at handle (C:\Users\lbrdc\OneDrive\Desktop\billing-system\backend\node_modules\router\index.js:435:11)
    at Layer.handleRequest (C:\Users\lbrdc\OneDrive\Desktop\billing-system\backend\node_modules\router\lib\layer.js:152:17)
    at C:\Users\lbrdc\OneDrive\Desktop\billing-system\backend\node_modules\router\index.js:295:15
2026-06-24 14:35:47 [warn]: HTTP Request {
  "method": "PUT",
  "path": "/api/user/6a3b7990d5dadae5428dfb20",
  "status": 500,
  "duration": "8ms",
  "ip": "::1",
  "userAgent": "Mozilla/5.0 (Windows NT 10.0; Win64; x64) AppleWebKit/537.36 (KHTML, like Gecko) Chrome/149.0.0.0 Safari/537.36",
  "userId": "695f4b3fc9882594236f3394"
}
2026-06-24 14:36:34 [error]: Unhandled Error error.map is not a function - TypeError: error.map is not a function
    at file:///C:/Users/lbrdc/OneDrive/Desktop/billing-system/backend/middleware/validate.middleware.js:29:38
    at Layer.handleRequest (C:\Users\lbrdc\OneDrive\Desktop\billing-system\backend\node_modules\router\lib\layer.js:152:17)
    at next (C:\Users\lbrdc\OneDrive\Desktop\billing-system\backend\node_modules\router\lib\route.js:157:13)
    at file:///C:/Users/lbrdc/OneDrive/Desktop/billing-system/backend/middleware/validateObjectId.middleware.js:32:9
    at Layer.handleRequest (C:\Users\lbrdc\OneDrive\Desktop\billing-system\backend\node_modules\router\lib\layer.js:152:17)
    at next (C:\Users\lbrdc\OneDrive\Desktop\billing-system\backend\node_modules\router\lib\route.js:157:13)
    at Route.dispatch (C:\Users\lbrdc\OneDrive\Desktop\billing-system\backend\node_modules\router\lib\route.js:117:3)
    at handle (C:\Users\lbrdc\OneDrive\Desktop\billing-system\backend\node_modules\router\index.js:435:11)
    at Layer.handleRequest (C:\Users\lbrdc\OneDrive\Desktop\billing-system\backend\node_modules\router\lib\layer.js:152:17)
    at C:\Users\lbrdc\OneDrive\Desktop\billing-system\backend\node_modules\router\index.js:295:15
2026-06-24 14:36:34 [warn]: HTTP Request {
  "method": "PUT",
  "path": "/api/user/6a3b7990d5dadae5428dfb20",
  "status": 500,
  "duration": "8ms",
  "ip": "::1",
  "userAgent": "Mozilla/5.0 (Windows NT 10.0; Win64; x64) AppleWebKit/537.36 (KHTML, like Gecko) Chrome/149.0.0.0 Safari/537.36",
  "userId": "695f4b3fc9882594236f3394"
}
2026-06-24 14:37:16 [error]: Unhandled Error Cannot read properties of undefined (reading 'map') - TypeError: Cannot read properties of undefined (reading 'map')
    at file:///C:/Users/lbrdc/OneDrive/Desktop/billing-system/backend/middleware/validate.middleware.js:29:45
    at Layer.handleRequest (C:\Users\lbrdc\OneDrive\Desktop\billing-system\backend\node_modules\router\lib\layer.js:152:17)
    at next (C:\Users\lbrdc\OneDrive\Desktop\billing-system\backend\node_modules\router\lib\route.js:157:13)
    at file:///C:/Users/lbrdc/OneDrive/Desktop/billing-system/backend/middleware/validateObjectId.middleware.js:32:9
    at Layer.handleRequest (C:\Users\lbrdc\OneDrive\Desktop\billing-system\backend\node_modules\router\lib\layer.js:152:17)
    at next (C:\Users\lbrdc\OneDrive\Desktop\billing-system\backend\node_modules\router\lib\route.js:157:13)
    at Route.dispatch (C:\Users\lbrdc\OneDrive\Desktop\billing-system\backend\node_modules\router\lib\route.js:117:3)
    at handle (C:\Users\lbrdc\OneDrive\Desktop\billing-system\backend\node_modules\router\index.js:435:11)
    at Layer.handleRequest (C:\Users\lbrdc\OneDrive\Desktop\billing-system\backend\node_modules\router\lib\layer.js:152:17)
    at C:\Users\lbrdc\OneDrive\Desktop\billing-system\backend\node_modules\router\index.js:295:15
2026-06-24 14:37:16 [warn]: HTTP Request {
  "method": "PUT",
  "path": "/api/user/6a3b7990d5dadae5428dfb20",
  "status": 500,
  "duration": "9ms",
  "ip": "::1",
  "userAgent": "Mozilla/5.0 (Windows NT 10.0; Win64; x64) AppleWebKit/537.36 (KHTML, like Gecko) Chrome/149.0.0.0 Safari/537.36",
  "userId": "695f4b3fc9882594236f3394"
}
2026-06-24 16:41:35 [warn]: HTTP Request {
  "method": "POST",
  "path": "/editor/create/spad/excel",
  "status": 500,
  "duration": "13358ms",
  "ip": "::1",
  "userAgent": "Mozilla/5.0 (Windows NT 10.0; Win64; x64) AppleWebKit/537.36 (KHTML, like Gecko) Chrome/149.0.0.0 Safari/537.36",
  "userId": "695f4b3fc9882594236f3394"
}
2026-06-29 08:47:38 [warn]: HTTP Request {
  "method": "GET",
  "path": "/manpower/btr/list",
  "status": 500,
  "duration": "890ms",
  "ip": "::1",
  "userAgent": "Mozilla/5.0 (Windows NT 10.0; Win64; x64) AppleWebKit/537.36 (KHTML, like Gecko) Chrome/149.0.0.0 Safari/537.36",
  "userId": "695f4b3fc9882594236f3394"
}
2026-06-29 08:48:03 [warn]: HTTP Request {
  "method": "GET",
  "path": "/manpower/btr/list",
  "status": 500,
  "duration": "436ms",
  "ip": "::1",
  "userAgent": "Mozilla/5.0 (Windows NT 10.0; Win64; x64) AppleWebKit/537.36 (KHTML, like Gecko) Chrome/149.0.0.0 Safari/537.36",
  "userId": "695f4b3fc9882594236f3394"
}
2026-06-29 08:52:37 [warn]: HTTP Request {
  "method": "GET",
  "path": "/manpower/ofbank/list",
  "status": 500,
  "duration": "376ms",
  "ip": "::1",
  "userAgent": "Mozilla/5.0 (Windows NT 10.0; Win64; x64) AppleWebKit/537.36 (KHTML, like Gecko) Chrome/149.0.0.0 Safari/537.36",
  "userId": "695f4b3fc9882594236f3394"
}
2026-06-29 09:15:21 [warn]: HTTP Request {
  "method": "GET",
  "path": "/manpower/btr/list",
  "status": 500,
  "duration": "459ms",
  "ip": "::1",
  "userAgent": "Mozilla/5.0 (Windows NT 10.0; Win64; x64) AppleWebKit/537.36 (KHTML, like Gecko) Chrome/149.0.0.0 Safari/537.36",
  "userId": "695f4b3fc9882594236f3394"
}
2026-06-29 09:15:36 [warn]: HTTP Request {
  "method": "GET",
  "path": "/manpower/btr/list",
  "status": 500,
  "duration": "454ms",
  "ip": "::1",
  "userAgent": "Mozilla/5.0 (Windows NT 10.0; Win64; x64) AppleWebKit/537.36 (KHTML, like Gecko) Chrome/149.0.0.0 Safari/537.36",
  "userId": "695f4b3fc9882594236f3394"
}
2026-06-29 09:16:51 [warn]: HTTP Request {
  "method": "GET",
  "path": "/manpower/btr/list",
  "status": 500,
  "duration": "438ms",
  "ip": "::1",
  "userAgent": "Mozilla/5.0 (Windows NT 10.0; Win64; x64) AppleWebKit/537.36 (KHTML, like Gecko) Chrome/149.0.0.0 Safari/537.36",
  "userId": "695f4b3fc9882594236f3394"
}
2026-06-29 09:19:00 [warn]: HTTP Request {
  "method": "GET",
  "path": "/manpower/btr/list",
  "status": 500,
  "duration": "592ms",
  "ip": "::1",
  "userAgent": "Mozilla/5.0 (Windows NT 10.0; Win64; x64) AppleWebKit/537.36 (KHTML, like Gecko) Chrome/149.0.0.0 Safari/537.36",
  "userId": "695f4b3fc9882594236f3394"
}
2026-06-29 09:19:05 [warn]: HTTP Request {
  "method": "GET",
  "path": "/manpower/btr/list",
  "status": 500,
  "duration": "291ms",
  "ip": "::1",
  "userAgent": "Mozilla/5.0 (Windows NT 10.0; Win64; x64) AppleWebKit/537.36 (KHTML, like Gecko) Chrome/149.0.0.0 Safari/537.36",
  "userId": "695f4b3fc9882594236f3394"
}
2026-06-29 09:19:18 [warn]: HTTP Request {
  "method": "GET",
  "path": "/manpower/btr/list",
  "status": 500,
  "duration": "432ms",
  "ip": "::1",
  "userAgent": "Mozilla/5.0 (Windows NT 10.0; Win64; x64) AppleWebKit/537.36 (KHTML, like Gecko) Chrome/149.0.0.0 Safari/537.36",
  "userId": "695f4b3fc9882594236f3394"
}
2026-06-29 09:19:20 [warn]: HTTP Request {
  "method": "GET",
  "path": "/manpower/btr/list",
  "status": 500,
  "duration": "283ms",
  "ip": "::1",
  "userAgent": "Mozilla/5.0 (Windows NT 10.0; Win64; x64) AppleWebKit/537.36 (KHTML, like Gecko) Chrome/149.0.0.0 Safari/537.36",
  "userId": "695f4b3fc9882594236f3394"
}
2026-06-29 09:20:50 [warn]: HTTP Request {
  "method": "GET",
  "path": "/manpower/btr/list",
  "status": 500,
  "duration": "519ms",
  "ip": "::1",
  "userAgent": "Mozilla/5.0 (Windows NT 10.0; Win64; x64) AppleWebKit/537.36 (KHTML, like Gecko) Chrome/149.0.0.0 Safari/537.36",
  "userId": "695f4b3fc9882594236f3394"
}
2026-06-29 09:20:54 [warn]: HTTP Request {
  "method": "GET",
  "path": "/manpower/btr/list",
  "status": 500,
  "duration": "243ms",
  "ip": "::1",
  "userAgent": "Mozilla/5.0 (Windows NT 10.0; Win64; x64) AppleWebKit/537.36 (KHTML, like Gecko) Chrome/149.0.0.0 Safari/537.36",
  "userId": "695f4b3fc9882594236f3394"
}
2026-06-29 09:20:57 [warn]: HTTP Request {
  "method": "GET",
  "path": "/manpower/btr/list",
  "status": 500,
  "duration": "355ms",
  "ip": "::1",
  "userAgent": "Mozilla/5.0 (Windows NT 10.0; Win64; x64) AppleWebKit/537.36 (KHTML, like Gecko) Chrome/149.0.0.0 Safari/537.36",
  "userId": "695f4b3fc9882594236f3394"
}
2026-06-29 09:21:15 [warn]: HTTP Request {
  "method": "GET",
  "path": "/manpower/btr/list",
  "status": 500,
  "duration": "414ms",
  "ip": "::1",
  "userAgent": "Mozilla/5.0 (Windows NT 10.0; Win64; x64) AppleWebKit/537.36 (KHTML, like Gecko) Chrome/149.0.0.0 Safari/537.36",
  "userId": "695f4b3fc9882594236f3394"
}
2026-06-29 09:22:11 [warn]: HTTP Request {
  "method": "GET",
  "path": "/manpower/btr/list",
  "status": 500,
  "duration": "668ms",
  "ip": "::1",
  "userAgent": "Mozilla/5.0 (Windows NT 10.0; Win64; x64) AppleWebKit/537.36 (KHTML, like Gecko) Chrome/149.0.0.0 Safari/537.36",
  "userId": "695f4b3fc9882594236f3394"
}
2026-06-29 09:23:03 [warn]: HTTP Request {
  "method": "GET",
  "path": "/manpower/btr/list",
  "status": 500,
  "duration": "468ms",
  "ip": "::1",
  "userAgent": "Mozilla/5.0 (Windows NT 10.0; Win64; x64) AppleWebKit/537.36 (KHTML, like Gecko) Chrome/149.0.0.0 Safari/537.36",
  "userId": "695f4b3fc9882594236f3394"
}
2026-06-29 09:23:28 [warn]: HTTP Request {
  "method": "GET",
  "path": "/manpower/btr/list",
  "status": 500,
  "duration": "459ms",
  "ip": "::1",
  "userAgent": "Mozilla/5.0 (Windows NT 10.0; Win64; x64) AppleWebKit/537.36 (KHTML, like Gecko) Chrome/149.0.0.0 Safari/537.36",
  "userId": "695f4b3fc9882594236f3394"
}
2026-06-29 09:24:32 [warn]: HTTP Request {
  "method": "GET",
  "path": "/manpower/btr/list",
  "status": 500,
  "duration": "443ms",
  "ip": "::1",
  "userAgent": "Mozilla/5.0 (Windows NT 10.0; Win64; x64) AppleWebKit/537.36 (KHTML, like Gecko) Chrome/149.0.0.0 Safari/537.36",
  "userId": "695f4b3fc9882594236f3394"
}
2026-06-29 09:25:20 [warn]: HTTP Request {
  "method": "GET",
  "path": "/manpower/btr/list",
  "status": 500,
  "duration": "427ms",
  "ip": "::1",
  "userAgent": "Mozilla/5.0 (Windows NT 10.0; Win64; x64) AppleWebKit/537.36 (KHTML, like Gecko) Chrome/149.0.0.0 Safari/537.36",
  "userId": "695f4b3fc9882594236f3394"
}
2026-06-29 09:25:25 [warn]: HTTP Request {
  "method": "GET",
  "path": "/manpower/btr/list",
  "status": 500,
  "duration": "372ms",
  "ip": "::1",
  "userAgent": "Mozilla/5.0 (Windows NT 10.0; Win64; x64) AppleWebKit/537.36 (KHTML, like Gecko) Chrome/149.0.0.0 Safari/537.36",
  "userId": "695f4b3fc9882594236f3394"
}
2026-06-29 09:25:26 [warn]: HTTP Request {
  "method": "GET",
  "path": "/manpower/btr/list",
  "status": 500,
  "duration": "319ms",
  "ip": "::1",
  "userAgent": "Mozilla/5.0 (Windows NT 10.0; Win64; x64) AppleWebKit/537.36 (KHTML, like Gecko) Chrome/149.0.0.0 Safari/537.36",
  "userId": "695f4b3fc9882594236f3394"
}
2026-06-29 09:25:46 [warn]: HTTP Request {
  "method": "GET",
  "path": "/manpower/btr/list",
  "status": 500,
  "duration": "443ms",
  "ip": "::1",
  "userAgent": "Mozilla/5.0 (Windows NT 10.0; Win64; x64) AppleWebKit/537.36 (KHTML, like Gecko) Chrome/149.0.0.0 Safari/537.36",
  "userId": "695f4b3fc9882594236f3394"
}
2026-06-29 09:25:59 [warn]: HTTP Request {
  "method": "GET",
  "path": "/manpower/btr/list",
  "status": 500,
  "duration": "421ms",
  "ip": "::1",
  "userAgent": "Mozilla/5.0 (Windows NT 10.0; Win64; x64) AppleWebKit/537.36 (KHTML, like Gecko) Chrome/149.0.0.0 Safari/537.36",
  "userId": "695f4b3fc9882594236f3394"
}
2026-06-29 09:26:30 [warn]: HTTP Request {
  "method": "GET",
  "path": "/manpower/ofbank/list",
  "status": 500,
  "duration": "404ms",
  "ip": "::1",
  "userAgent": "Mozilla/5.0 (Windows NT 10.0; Win64; x64) AppleWebKit/537.36 (KHTML, like Gecko) Chrome/149.0.0.0 Safari/537.36",
  "userId": "695f4b3fc9882594236f3394"
}
2026-06-29 10:28:04 [warn]: HTTP Request {
  "method": "GET",
  "path": "/manpower/btr/list",
  "status": 500,
  "duration": "992ms",
  "ip": "::1",
  "userAgent": "Mozilla/5.0 (Windows NT 10.0; Win64; x64) AppleWebKit/537.36 (KHTML, like Gecko) Chrome/149.0.0.0 Safari/537.36",
  "userId": "695f4b3fc9882594236f3394"
}
2026-07-14 08:28:39 [warn]: HTTP Request {
  "method": "GET",
  "path": "/manpower/btr/0",
  "status": 500,
  "duration": "260ms",
  "ip": "::1",
  "userAgent": "Mozilla/5.0 (Windows NT 10.0; Win64; x64) AppleWebKit/537.36 (KHTML, like Gecko) Chrome/150.0.0.0 Safari/537.36",
  "userId": "695f4b3fc9882594236f3394"
}
2026-07-14 08:38:55 [warn]: HTTP Request {
  "method": "GET",
  "path": "/manpower/btr/0",
  "status": 500,
  "duration": "235ms",
  "ip": "::1",
  "userAgent": "Mozilla/5.0 (Windows NT 10.0; Win64; x64) AppleWebKit/537.36 (KHTML, like Gecko) Chrome/150.0.0.0 Safari/537.36",
  "userId": "695f4b3fc9882594236f3394"
}
2026-07-14 08:40:08 [warn]: HTTP Request {
  "method": "GET",
  "path": "/manpower/btr/0",
  "status": 500,
  "duration": "245ms",
  "ip": "::1",
  "userAgent": "Mozilla/5.0 (Windows NT 10.0; Win64; x64) AppleWebKit/537.36 (KHTML, like Gecko) Chrome/150.0.0.0 Safari/537.36",
  "userId": "695f4b3fc9882594236f3394"
}
2026-07-14 08:41:32 [warn]: HTTP Request {
  "method": "GET",
  "path": "/manpower/btr/0",
  "status": 500,
  "duration": "273ms",
  "ip": "::1",
  "userAgent": "Mozilla/5.0 (Windows NT 10.0; Win64; x64) AppleWebKit/537.36 (KHTML, like Gecko) Chrome/150.0.0.0 Safari/537.36",
  "userId": "695f4b3fc9882594236f3394"
}
2026-07-17 08:22:18 [warn]: HTTP Request {
  "method": "GET",
  "path": "/auth/me",
  "status": 401,
  "duration": "4ms",
  "ip": "::1",
  "userAgent": "Mozilla/5.0 (Windows NT 10.0; Win64; x64) AppleWebKit/537.36 (KHTML, like Gecko) Chrome/150.0.0.0 Safari/537.36",
  "userId": "anonymous"
}
2026-07-17 08:43:17 [error]: Unhandled Error Cannot read properties of undefined (reading 'map') - TypeError: Cannot read properties of undefined (reading 'map')
    at file:///C:/Users/lbrdc/OneDrive/Desktop/billing-system/backend/middleware/validate.middleware.js:29:45
    at Layer.handleRequest (C:\Users\lbrdc\OneDrive\Desktop\billing-system\backend\node_modules\router\lib\layer.js:152:17)
    at next (C:\Users\lbrdc\OneDrive\Desktop\billing-system\backend\node_modules\router\lib\route.js:157:13)
    at file:///C:/Users/lbrdc/OneDrive/Desktop/billing-system/backend/node_modules/express-rate-limit/dist/index.mjs:970:7
    at process.processTicksAndRejections (node:internal/process/task_queues:104:5)
    at async file:///C:/Users/lbrdc/OneDrive/Desktop/billing-system/backend/node_modules/express-rate-limit/dist/index.mjs:825:5
2026-07-17 08:43:17 [warn]: HTTP Request {
  "method": "POST",
  "path": "/api/auth/signup",
  "status": 500,
  "duration": "2ms",
  "ip": "::1",
  "userAgent": "Mozilla/5.0 (Windows NT 10.0; Win64; x64) AppleWebKit/537.36 (KHTML, like Gecko) Chrome/150.0.0.0 Safari/537.36",
  "userId": "anonymous"
}
2026-07-31 09:35:28 [warn]: HTTP Request {
  "method": "PATCH",
  "path": "/editor/dof/null/01O6RSSI6TCBMPHGLKOZFIL4CFDGE7WZRT/setup",
  "status": 500,
  "duration": "3486ms",
  "ip": "::1",
  "userAgent": "Mozilla/5.0 (Windows NT 10.0; Win64; x64) AppleWebKit/537.36 (KHTML, like Gecko) Chrome/151.0.0.0 Safari/537.36",
  "userId": "695f4b3fc9882594236f3394"
}
2026-07-31 09:36:19 [warn]: HTTP Request {
  "method": "GET",
  "path": "/editor/dof/null/01O6RSSI6TCBMPHGLKOZFIL4CFDGE7WZRT/setup",
  "status": 401,
  "duration": "1ms",
  "ip": "::1",
  "userAgent": "Mozilla/5.0 (Windows NT 10.0; Win64; x64) AppleWebKit/537.36 (KHTML, like Gecko) Chrome/151.0.0.0 Safari/537.36",
  "userId": "anonymous"
}
2026-07-31 09:36:19 [warn]: HTTP Request {
  "method": "GET",
  "path": "/favicon.ico",
  "status": 404,
  "duration": "0ms",
  "ip": "::1",
  "userAgent": "Mozilla/5.0 (Windows NT 10.0; Win64; x64) AppleWebKit/537.36 (KHTML, like Gecko) Chrome/151.0.0.0 Safari/537.36",
  "userId": "anonymous"
}
2026-07-31 09:37:04 [warn]: HTTP Request {
  "method": "POST",
  "path": "/editor/create/DOF/dof/billing",
  "status": 500,
  "duration": "904ms",
  "ip": "::1",
  "userAgent": "Mozilla/5.0 (Windows NT 10.0; Win64; x64) AppleWebKit/537.36 (KHTML, like Gecko) Chrome/151.0.0.0 Safari/537.36",
  "userId": "695f4b3fc9882594236f3394"
}
2026-08-11 18:23:26 [warn]: HTTP Request {
  "method": "GET",
  "path": "/editor/templates/dof",
  "status": 500,
  "duration": "305ms",
  "ip": "::ffff:127.0.0.1",
  "userAgent": "Mozilla/5.0 (Windows NT 10.0; Win64; x64; rv:153.0) Gecko/20100101 Firefox/153.0",
  "userId": "695f4b3fc9882594236f3394"
}
2026-08-11 18:28:27 [warn]: HTTP Request {
  "method": "GET",
  "path": "/editor/templates/dof",
  "status": 500,
  "duration": "369ms",
  "ip": "::ffff:127.0.0.1",
  "userAgent": "Mozilla/5.0 (Windows NT 10.0; Win64; x64; rv:153.0) Gecko/20100101 Firefox/153.0",
  "userId": "695f4b3fc9882594236f3394"
}
2026-08-11 18:29:45 [warn]: HTTP Request {
  "method": "GET",
  "path": "/editor/templates/dof",
  "status": 500,
  "duration": "406ms",
  "ip": "::ffff:127.0.0.1",
  "userAgent": "Mozilla/5.0 (Windows NT 10.0; Win64; x64; rv:153.0) Gecko/20100101 Firefox/153.0",
  "userId": "695f4b3fc9882594236f3394"
}
2026-08-11 18:31:01 [warn]: HTTP Request {
  "method": "GET",
  "path": "/editor/templates/dof",
  "status": 500,
  "duration": "359ms",
  "ip": "::ffff:127.0.0.1",
  "userAgent": "Mozilla/5.0 (Windows NT 10.0; Win64; x64; rv:153.0) Gecko/20100101 Firefox/153.0",
  "userId": "695f4b3fc9882594236f3394"
}
2026-08-11 18:31:53 [warn]: HTTP Request {
  "method": "GET",
  "path": "/editor/templates/dof",
  "status": 500,
  "duration": "376ms",
  "ip": "::ffff:127.0.0.1",
  "userAgent": "Mozilla/5.0 (Windows NT 10.0; Win64; x64; rv:153.0) Gecko/20100101 Firefox/153.0",
  "userId": "695f4b3fc9882594236f3394"
}
2026-08-11 18:33:39 [warn]: HTTP Request {
  "method": "GET",
  "path": "/editor/templates/dof",
  "status": 500,
  "duration": "396ms",
  "ip": "::ffff:127.0.0.1",
  "userAgent": "Mozilla/5.0 (Windows NT 10.0; Win64; x64; rv:153.0) Gecko/20100101 Firefox/153.0",
  "userId": "695f4b3fc9882594236f3394"
}
2026-08-11 18:35:05 [warn]: HTTP Request {
  "method": "GET",
  "path": "/editor/templates/dof",
  "status": 500,
  "duration": "306ms",
  "ip": "::ffff:127.0.0.1",
  "userAgent": "Mozilla/5.0 (Windows NT 10.0; Win64; x64; rv:153.0) Gecko/20100101 Firefox/153.0",
  "userId": "695f4b3fc9882594236f3394"
}
2026-08-11 18:35:14 [warn]: HTTP Request {
  "method": "GET",
  "path": "/editor/templates/ofbank",
  "status": 500,
  "duration": "276ms",
  "ip": "::ffff:127.0.0.1",
  "userAgent": "Mozilla/5.0 (Windows NT 10.0; Win64; x64; rv:153.0) Gecko/20100101 Firefox/153.0",
  "userId": "695f4b3fc9882594236f3394"
}
2026-08-11 18:36:10 [warn]: HTTP Request {
  "method": "POST",
  "path": "/editor/create/DOF/dof/timekeeping",
  "status": 500,
  "duration": "6796ms",
  "ip": "::ffff:127.0.0.1",
  "userAgent": "Mozilla/5.0 (Windows NT 10.0; Win64; x64; rv:153.0) Gecko/20100101 Firefox/153.0",
  "userId": "695f4b3fc9882594236f3394"
}
2026-08-11 18:40:46 [warn]: HTTP Request {
  "method": "POST",
  "path": "/editor/create/DOF/dof/timekeeping",
  "status": 500,
  "duration": "989ms",
  "ip": "::ffff:127.0.0.1",
  "userAgent": "Mozilla/5.0 (Windows NT 10.0; Win64; x64; rv:153.0) Gecko/20100101 Firefox/153.0",
  "userId": "695f4b3fc9882594236f3394"
}
2026-08-11 18:41:36 [warn]: HTTP Request {
  "method": "PATCH",
  "path": "/editor/dof/null/01O6RSSI3HCOY5KYDRD5CZAS5CQT6BFHOH/setup",
  "status": 500,
  "duration": "3968ms",
  "ip": "::ffff:127.0.0.1",
  "userAgent": "Mozilla/5.0 (Windows NT 10.0; Win64; x64; rv:153.0) Gecko/20100101 Firefox/153.0",
  "userId": "695f4b3fc9882594236f3394"
}
2026-08-11 19:01:45 [warn]: HTTP Request {
  "method": "PATCH",
  "path": "/editor/dof/null/01O6RSSI4DJEC4FET2TRBZZ2MZVFAUOJP3/setup",
  "status": 500,
  "duration": "4149ms",
  "ip": "::ffff:127.0.0.1",
  "userAgent": "Mozilla/5.0 (Windows NT 10.0; Win64; x64; rv:153.0) Gecko/20100101 Firefox/153.0",
  "userId": "695f4b3fc9882594236f3394"
}
2026-08-11 19:07:23 [warn]: HTTP Request {
  "method": "PATCH",
  "path": "/editor/dof/null/01O6RSSI23U2DJYIHK45BKUJ5S6GVXC5VI/setup",
  "status": 500,
  "duration": "2597ms",
  "ip": "::ffff:127.0.0.1",
  "userAgent": "Mozilla/5.0 (Windows NT 10.0; Win64; x64; rv:153.0) Gecko/20100101 Firefox/153.0",
  "userId": "695f4b3fc9882594236f3394"
}
2026-08-11 19:14:27 [warn]: HTTP Request {
  "method": "PATCH",
  "path": "/editor/dof/null/01O6RSSI5BLCEVID673VA3KHTD5H77ONCK/setup",
  "status": 500,
  "duration": "3422ms",
  "ip": "::ffff:127.0.0.1",
  "userAgent": "Mozilla/5.0 (Windows NT 10.0; Win64; x64; rv:153.0) Gecko/20100101 Firefox/153.0",
  "userId": "695f4b3fc9882594236f3394"
}
2026-08-11 19:22:17 [warn]: HTTP Request {
  "method": "PATCH",
  "path": "/editor/dof/null/01O6RSSI3G6ZEYF3E5JVFJGNREGDKBTXJV/setup",
  "status": 500,
  "duration": "11207ms",
  "ip": "::ffff:127.0.0.1",
  "userAgent": "Mozilla/5.0 (Windows NT 10.0; Win64; x64; rv:153.0) Gecko/20100101 Firefox/153.0",
  "userId": "695f4b3fc9882594236f3394"
}
2026-08-11 19:31:17 [warn]: HTTP Request {
  "method": "PATCH",
  "path": "/editor/dof/null/01O6RSSIZFOOX22GBN65BK6YRTBAHIAKNO/setup",
  "status": 500,
  "duration": "23472ms",
  "ip": "::ffff:127.0.0.1",
  "userAgent": "Mozilla/5.0 (Windows NT 10.0; Win64; x64; rv:153.0) Gecko/20100101 Firefox/153.0",
  "userId": "695f4b3fc9882594236f3394"
}
2026-08-11 19:33:09 [warn]: HTTP Request {
  "method": "PATCH",
  "path": "/editor/dof/null/01O6RSSI6BPAFQDN4QCRCI2W7V2ZPI5BCM/setup",
  "status": 500,
  "duration": "24929ms",
  "ip": "::ffff:127.0.0.1",
  "userAgent": "Mozilla/5.0 (Windows NT 10.0; Win64; x64; rv:153.0) Gecko/20100101 Firefox/153.0",
  "userId": "695f4b3fc9882594236f3394"
}
2026-08-11 19:51:54 [warn]: HTTP Request {
  "method": "POST",
  "path": "/editor/create/DOF/dof/timekeeping",
  "status": 500,
  "duration": "989ms",
  "ip": "::ffff:127.0.0.1",
  "userAgent": "Mozilla/5.0 (Windows NT 10.0; Win64; x64; rv:153.0) Gecko/20100101 Firefox/153.0",
  "userId": "695f4b3fc9882594236f3394"
}
2026-08-11 19:52:03 [warn]: HTTP Request {
  "method": "POST",
  "path": "/editor/create/DOF/dof/timekeeping",
  "status": 500,
  "duration": "899ms",
  "ip": "::ffff:127.0.0.1",
  "userAgent": "Mozilla/5.0 (Windows NT 10.0; Win64; x64; rv:153.0) Gecko/20100101 Firefox/153.0",
  "userId": "695f4b3fc9882594236f3394"
}
2026-08-11 19:52:08 [warn]: HTTP Request {
  "method": "POST",
  "path": "/editor/create/DOF/dof/timekeeping",
  "status": 500,
  "duration": "1026ms",
  "ip": "::ffff:127.0.0.1",
  "userAgent": "Mozilla/5.0 (Windows NT 10.0; Win64; x64; rv:153.0) Gecko/20100101 Firefox/153.0",
  "userId": "695f4b3fc9882594236f3394"
}
2026-08-12 13:32:14 [warn]: HTTP Request {
  "method": "POST",
  "path": "/editor/create/DOF/dof/timekeeping",
  "status": 500,
  "duration": "736ms",
  "ip": "::ffff:127.0.0.1",
  "userAgent": "Mozilla/5.0 (Windows NT 10.0; Win64; x64; rv:153.0) Gecko/20100101 Firefox/153.0",
  "userId": "695f4b3fc9882594236f3394"
}
2026-08-13 14:01:25 [warn]: HTTP Request {
  "method": "PATCH",
  "path": "/editor/dof/01O6RSSI44M23GQQ2FZZF3HWTRE3WYJLA2/tables",
  "status": 500,
  "duration": "7420ms",
  "ip": "::ffff:127.0.0.1",
  "userAgent": "Mozilla/5.0 (Windows NT 10.0; Win64; x64; rv:153.0) Gecko/20100101 Firefox/153.0",
  "userId": "695f4b3fc9882594236f3394"
}
2026-08-13 15:22:21 [warn]: HTTP Request {
  "method": "PATCH",
  "path": "/editor/dof/01O6RSSIZHGQ5HDWLGPNFY2YZV2CKDZHAL/tables",
  "status": 500,
  "duration": "6108ms",
  "ip": "::ffff:127.0.0.1",
  "userAgent": "Mozilla/5.0 (Windows NT 10.0; Win64; x64; rv:153.0) Gecko/20100101 Firefox/153.0",
  "userId": "695f4b3fc9882594236f3394"
}
2026-08-13 15:32:28 [warn]: HTTP Request {
  "method": "PATCH",
  "path": "/editor/dof/01O6RSSIZHGQ5HDWLGPNFY2YZV2CKDZHAL/tables",
  "status": 500,
  "duration": "438163ms",
  "ip": "::ffff:127.0.0.1",
  "userAgent": "Mozilla/5.0 (Windows NT 10.0; Win64; x64; rv:153.0) Gecko/20100101 Firefox/153.0",
  "userId": "695f4b3fc9882594236f3394"
}
2026-08-17 09:26:14 [warn]: HTTP Request {
  "method": "POST",
  "path": "/auth/login",
  "status": 400,
  "duration": "112ms",
  "ip": "::ffff:127.0.0.1",
  "userAgent": "Mozilla/5.0 (Windows NT 10.0; Win64; x64; rv:153.0) Gecko/20100101 Firefox/153.0",
  "userId": "anonymous"
}
2026-08-17 09:30:34 [warn]: HTTP Request {
  "method": "PATCH",
  "path": "/editor/dof/01O6RSSI5GUVBYQ4NG2VD22QRBJVSYRBUI/tables",
  "status": 500,
  "duration": "143061ms",
  "ip": "::ffff:127.0.0.1",
  "userAgent": "Mozilla/5.0 (Windows NT 10.0; Win64; x64; rv:153.0) Gecko/20100101 Firefox/153.0",
  "userId": "695f4b3fc9882594236f3394"
}
2026-08-25 11:06:25 [warn]: HTTP Request {
  "method": "PATCH",
  "path": "/editor/dof/01O6RSSI2IT64KPXLFURE3NLCESCLK5SLG/tables",
  "status": 500,
  "duration": "243822ms",
  "ip": "::ffff:127.0.0.1",
  "userAgent": "Mozilla/5.0 (Windows NT 10.0; Win64; x64; rv:154.0) Gecko/20100101 Firefox/154.0",
  "userId": "695f4b3fc9882594236f3394"
}
2026-09-01 17:25:45 [warn]: HTTP Request {
  "method": "PATCH",
  "path": "/editor/dof/01O6RSSIYINNRLN74HKFD3FXOJ2SKMB2NY/tables",
  "status": 500,
  "duration": "2804967ms",
  "ip": "::ffff:127.0.0.1",
  "userAgent": "Mozilla/5.0 (Windows NT 10.0; Win64; x64; rv:154.0) Gecko/20100101 Firefox/154.0",
  "userId": "695f4b3fc9882594236f3394"
}
2026-09-01 18:03:59 [warn]: HTTP Request {
  "method": "PATCH",
  "path": "/editor/dof/01O6RSSIYINNRLN74HKFD3FXOJ2SKMB2NY/tables",
  "status": 500,
  "duration": "128200ms",
  "ip": "::ffff:127.0.0.1",
  "userAgent": "Mozilla/5.0 (Windows NT 10.0; Win64; x64; rv:154.0) Gecko/20100101 Firefox/154.0",
  "userId": "695f4b3fc9882594236f3394"
}
2026-09-02 06:51:10 [warn]: HTTP Request {
  "method": "PATCH",
  "path": "/editor/dof/01O6RSSIYINNRLN74HKFD3FXOJ2SKMB2NY/tables",
  "status": 500,
  "duration": "45572481ms",
  "ip": "::ffff:127.0.0.1",
  "userAgent": "Mozilla/5.0 (Windows NT 10.0; Win64; x64; rv:154.0) Gecko/20100101 Firefox/154.0",
  "userId": "695f4b3fc9882594236f3394"
}
2026-09-09 15:07:29 [warn]: HTTP Request {
  "method": "PATCH",
  "path": "/editor/dof/01O6RSSI3RNU5LT3RY25BKEJAO4JIYEIH4/tables",
  "status": 500,
  "duration": "54684ms",
  "ip": "::ffff:127.0.0.1",
  "userAgent": "Mozilla/5.0 (Windows NT 10.0; Win64; x64; rv:155.0) Gecko/20100101 Firefox/155.0",
  "userId": "695f4b3fc9882594236f3394"
}
2026-10-05 11:08:21 [warn]: HTTP Request {
  "method": "PATCH",
  "path": "/editor/dof/01O6RSSIZEYPBPRPK7PFGYYYDL6PLYOUTT/tables",
  "status": 500,
  "duration": "2573466ms",
  "ip": "::ffff:127.0.0.1",
  "userAgent": "Mozilla/5.0 (Windows NT 10.0; Win64; x64; rv:156.0) Gecko/20100101 Firefox/156.0",
  "userId": "695f4b3fc9882594236f3394"
}
