2026-05-28 15:11:44 [error]: DB connection error: querySrv ECONNREFUSED _mongodb._tcp.mongodb-test.mongodb.net - Error: querySrv ECONNREFUSED _mongodb._tcp.mongodb-test.mongodb.net
    at QueryReqWrap.onresolve [as oncomplete] (node:internal/dns/promises:294:17)
2026-05-28 15:33:42 [error]: DB connection error: querySrv ECONNREFUSED _mongodb._tcp.mongodb-test.mongodb.net - Error: querySrv ECONNREFUSED _mongodb._tcp.mongodb-test.mongodb.net
    at QueryReqWrap.onresolve [as oncomplete] (node:internal/dns/promises:294:17)
2026-05-28 15:37:01 [error]: DB connection error: querySrv ECONNREFUSED _mongodb._tcp.mongodb-test.mongodb.net - Error: querySrv ECONNREFUSED _mongodb._tcp.mongodb-test.mongodb.net
    at QueryReqWrap.onresolve [as oncomplete] (node:internal/dns/promises:294:17)
2026-05-29 16:49:31 [error]: DB connection error: querySrv ECONNREFUSED _mongodb._tcp.billing-system.j1yrr.mongodb.net - Error: querySrv ECONNREFUSED _mongodb._tcp.billing-system.j1yrr.mongodb.net
    at QueryReqWrap.onresolve [as oncomplete] (node:internal/dns/promises:294:17)
2026-05-29 16:49:36 [error]: DB connection error: querySrv ECONNREFUSED _mongodb._tcp.billing-system.j1yrr.mongodb.net - Error: querySrv ECONNREFUSED _mongodb._tcp.billing-system.j1yrr.mongodb.net
    at QueryReqWrap.onresolve [as oncomplete] (node:internal/dns/promises:294:17)
2026-05-29 17:01:19 [error]: DB connection error: querySrv ECONNREFUSED _mongodb._tcp.billing-system.j1yrr.mongodb.net - Error: querySrv ECONNREFUSED _mongodb._tcp.billing-system.j1yrr.mongodb.net
    at QueryReqWrap.onresolve [as oncomplete] (node:internal/dns/promises:294:17)
2026-05-29 17:02:28 [error]: DB connection error: querySrv ECONNREFUSED _mongodb._tcp.billing-system.j1yrr.mongodb.net - Error: querySrv ECONNREFUSED _mongodb._tcp.billing-system.j1yrr.mongodb.net
    at QueryReqWrap.onresolve [as oncomplete] (node:internal/dns/promises:294:17)
2026-05-29 17:09:10 [error]: DB connection error: querySrv ECONNREFUSED _mongodb._tcp.billing-system.j1yrr.mongodb.net - Error: querySrv ECONNREFUSED _mongodb._tcp.billing-system.j1yrr.mongodb.net
    at QueryReqWrap.onresolve [as oncomplete] (node:internal/dns/promises:294:17)
2026-05-29 17:13:04 [error]: DB connection error: querySrv ECONNREFUSED _mongodb._tcp.billing-system.j1yrr.mongodb.net - Error: querySrv ECONNREFUSED _mongodb._tcp.billing-system.j1yrr.mongodb.net
    at QueryReqWrap.onresolve [as oncomplete] (node:internal/dns/promises:294:17)
2026-06-01 08:17:09 [error]: DB connection error: querySrv ECONNREFUSED _mongodb._tcp.billing-system.j1yrr.mongodb.net - Error: querySrv ECONNREFUSED _mongodb._tcp.billing-system.j1yrr.mongodb.net
    at QueryReqWrap.onresolve [as oncomplete] (node:internal/dns/promises:294:17)
2026-06-01 08:18:11 [error]: DB connection error: querySrv ECONNREFUSED _mongodb._tcp.billing-system.j1yrr.mongodb.net - Error: querySrv ECONNREFUSED _mongodb._tcp.billing-system.j1yrr.mongodb.net
    at QueryReqWrap.onresolve [as oncomplete] (node:internal/dns/promises:294:17)
2026-06-01 08:19:24 [error]: DB connection error: querySrv ECONNREFUSED _mongodb._tcp.billing-system.j1yrr.mongodb.net - Error: querySrv ECONNREFUSED _mongodb._tcp.billing-system.j1yrr.mongodb.net
    at QueryReqWrap.onresolve [as oncomplete] (node:internal/dns/promises:294:17)
2026-06-01 08:20:12 [error]: DB connection error: querySrv ECONNREFUSED _mongodb._tcp.billing-system.j1yrr.mongodb.net - Error: querySrv ECONNREFUSED _mongodb._tcp.billing-system.j1yrr.mongodb.net
    at QueryReqWrap.onresolve [as oncomplete] (node:internal/dns/promises:294:17)
2026-06-01 08:22:03 [error]: DB connection error: querySrv ECONNREFUSED _mongodb._tcp.billing-system.j1yrr.mongodb.net - Error: querySrv ECONNREFUSED _mongodb._tcp.billing-system.j1yrr.mongodb.net
    at QueryReqWrap.onresolve [as oncomplete] (node:internal/dns/promises:294:17)
2026-06-01 08:22:10 [error]: DB connection error: querySrv ECONNREFUSED _mongodb._tcp.billing-system.j1yrr.mongodb.net - Error: querySrv ECONNREFUSED _mongodb._tcp.billing-system.j1yrr.mongodb.net
    at QueryReqWrap.onresolve [as oncomplete] (node:internal/dns/promises:294:17)
2026-06-01 08:22:12 [error]: DB connection error: querySrv ECONNREFUSED _mongodb._tcp.billing-system.j1yrr.mongodb.net - Error: querySrv ECONNREFUSED _mongodb._tcp.billing-system.j1yrr.mongodb.net
    at QueryReqWrap.onresolve [as oncomplete] (node:internal/dns/promises:294:17)
2026-06-01 08:22:24 [error]: DB connection error: querySrv ECONNREFUSED _mongodb._tcp.billing-system.j1yrr.mongodb.net - Error: querySrv ECONNREFUSED _mongodb._tcp.billing-system.j1yrr.mongodb.net
    at QueryReqWrap.onresolve [as oncomplete] (node:internal/dns/promises:294:17)
2026-06-01 08:22:33 [info]: Connected to MongoDB 
2026-06-01 08:22:33 [info]: Server running on port 3000 
2026-06-01 08:22:36 [info]: Connected to MongoDB 
2026-06-01 08:22:36 [info]: Server running on port 3000 
2026-06-01 08:22:51 [info]: Connected to MongoDB 
2026-06-01 08:22:51 [info]: Server running on port 3000 
2026-06-01 08:23:57 [info]: Connected to MongoDB 
2026-06-01 08:23:57 [info]: Server running on port 3000 
2026-06-01 08:23:59 [info]: Connected to MongoDB 
2026-06-01 08:23:59 [info]: Server running on port 3000 
2026-06-01 08:28:43 [info]: Connected to MongoDB 
2026-06-01 08:28:43 [info]: Server running on port 3000 
2026-06-01 08:28:51 [info]: Connected to MongoDB 
2026-06-01 08:28:51 [info]: Server running on port 3000 
2026-06-01 08:29:17 [info]: Connected to MongoDB 
2026-06-01 08:29:17 [info]: Server running on port 3000 
2026-06-01 08:29:40 [info]: Connected to MongoDB 
2026-06-01 08:29:40 [info]: Server running on port 3000 
2026-06-01 08:29:58 [info]: Connected to MongoDB 
2026-06-01 08:29:58 [info]: Server running on port 3000 
2026-06-01 08:30:06 [info]: Connected to MongoDB 
2026-06-01 08:30:06 [info]: Server running on port 3000 
2026-06-01 08:30:32 [info]: Connected to MongoDB 
2026-06-01 08:30:32 [info]: Server running on port 3000 
2026-06-01 08:31:08 [info]: Connected to MongoDB 
2026-06-01 08:31:08 [info]: Server running on port 3000 
2026-06-01 08:31:26 [info]: Connected to MongoDB 
2026-06-01 08:31:26 [info]: Server running on port 3000 
2026-06-01 08:31:53 [info]: Connected to MongoDB 
2026-06-01 08:31:53 [info]: Server running on port 3000 
2026-06-01 08:32:14 [info]: Connected to MongoDB 
2026-06-01 08:32:14 [info]: Server running on port 3000 
2026-06-01 08:32:44 [info]: Connected to MongoDB 
2026-06-01 08:32:44 [info]: Server running on port 3000 
2026-06-01 08:39:38 [info]: Connected to MongoDB 
2026-06-01 08:39:38 [info]: Server running on port 3000 
2026-06-01 09:10:43 [info]: Connected to MongoDB 
2026-06-01 09:10:43 [info]: Server running on port 3000 
2026-06-01 16:05:48 [info]: Connected to MongoDB 
2026-06-01 16:05:48 [info]: Server running on port 3000 
2026-06-02 11:56:13 [error]: DB connection error: Could not connect to any servers in your MongoDB Atlas cluster. One common reason is that you're trying to access the database from an IP that isn't whitelisted. Make sure your current IP address is on your Atlas cluster's IP whitelist: https://www.mongodb.com/docs/atlas/security-whitelist/ - MongooseServerSelectionError: Could not connect to any servers in your MongoDB Atlas cluster. One common reason is that you're trying to access the database from an IP that isn't whitelisted. Make sure your current IP address is on your Atlas cluster's IP whitelist: https://www.mongodb.com/docs/atlas/security-whitelist/
    at _handleConnectionErrors (C:\Users\lbrdc\OneDrive\Desktop\billing-system\backend\node_modules\mongoose\lib\connection.js:1180:11)
    at NativeConnection.openUri (C:\Users\lbrdc\OneDrive\Desktop\billing-system\backend\node_modules\mongoose\lib\connection.js:1111:11)
2026-06-02 11:58:53 [info]: Connected to MongoDB 
2026-06-02 11:58:53 [info]: Server running on port 3000 
2026-06-02 11:59:30 [error]: Unhandled Error Cannot read properties of undefined (reading 'data') - TypeError: Cannot read properties of undefined (reading 'data')
    at addToTable (file:///C:/Users/lbrdc/OneDrive/Desktop/billing-system/backend/utils/graphClient.js:399:36)
    at Layer.handleRequest (C:\Users\lbrdc\OneDrive\Desktop\billing-system\backend\node_modules\router\lib\layer.js:152:17)
    at next (C:\Users\lbrdc\OneDrive\Desktop\billing-system\backend\node_modules\router\lib\route.js:157:13)
    at Route.dispatch (C:\Users\lbrdc\OneDrive\Desktop\billing-system\backend\node_modules\router\lib\route.js:117:3)
    at handle (C:\Users\lbrdc\OneDrive\Desktop\billing-system\backend\node_modules\router\index.js:435:11)
    at Layer.handleRequest (C:\Users\lbrdc\OneDrive\Desktop\billing-system\backend\node_modules\router\lib\layer.js:152:17)
    at C:\Users\lbrdc\OneDrive\Desktop\billing-system\backend\node_modules\router\index.js:295:15
    at param (C:\Users\lbrdc\OneDrive\Desktop\billing-system\backend\node_modules\router\index.js:600:14)
    at param (C:\Users\lbrdc\OneDrive\Desktop\billing-system\backend\node_modules\router\index.js:610:14)
    at processParams (C:\Users\lbrdc\OneDrive\Desktop\billing-system\backend\node_modules\router\index.js:664:3)
2026-06-02 11:59:30 [warn]: HTTP Request {
  "method": "POST",
  "path": "/api/manpower/btr/add",
  "status": 500,
  "duration": "2ms",
  "ip": "::1",
  "userAgent": "Mozilla/5.0 (Windows NT 10.0; Win64; x64) AppleWebKit/537.36 (KHTML, like Gecko) Chrome/148.0.0.0 Safari/537.36",
  "userId": "695f4b3fc9882594236f3394"
}
2026-06-02 11:59:37 [warn]: HTTP Request {
  "method": "GET",
  "path": "/manpower/btr/list",
  "status": 500,
  "duration": "1017ms",
  "ip": "::1",
  "userAgent": "Mozilla/5.0 (Windows NT 10.0; Win64; x64) AppleWebKit/537.36 (KHTML, like Gecko) Chrome/148.0.0.0 Safari/537.36",
  "userId": "695f4b3fc9882594236f3394"
}
2026-06-03 08:24:18 [info]: Connected to MongoDB 
2026-06-03 08:24:18 [info]: Server running on port 3000 
2026-06-03 11:49:35 [info]: Connected to MongoDB 
2026-06-03 11:49:35 [info]: Server running on port 3000 
2026-06-04 08:44:47 [info]: Connected to MongoDB 
2026-06-04 08:44:47 [info]: Server running on port 3000 
2026-06-05 09:11:20 [info]: Connected to MongoDB 
2026-06-05 09:11:20 [info]: Server running on port 3000 
2026-06-05 10:04:42 [warn]: HTTP Request {
  "method": "POST",
  "path": "/manpower/ofbank/add",
  "status": 500,
  "duration": "1450ms",
  "ip": "::1",
  "userAgent": "Mozilla/5.0 (Windows NT 10.0; Win64; x64) AppleWebKit/537.36 (KHTML, like Gecko) Chrome/148.0.0.0 Safari/537.36",
  "userId": "695f4b3fc9882594236f3394"
}
2026-06-05 13:14:49 [info]: Connected to MongoDB 
2026-06-05 13:14:49 [info]: Server running on port 3000 
2026-06-05 13:33:13 [warn]: HTTP Request {
  "method": "POST",
  "path": "/manpower/ofbank/add",
  "status": 500,
  "duration": "2086ms",
  "ip": "::1",
  "userAgent": "Mozilla/5.0 (Windows NT 10.0; Win64; x64) AppleWebKit/537.36 (KHTML, like Gecko) Chrome/148.0.0.0 Safari/537.36",
  "userId": "695f4b3fc9882594236f3394"
}
2026-06-05 13:42:04 [info]: Connected to MongoDB 
2026-06-05 13:42:04 [info]: Server running on port 3000 
2026-06-05 13:42:11 [info]: Connected to MongoDB 
2026-06-05 13:42:11 [info]: Server running on port 3000 
2026-06-05 13:43:06 [info]: Connected to MongoDB 
2026-06-05 13:43:06 [info]: Server running on port 3000 
2026-06-05 13:44:27 [info]: Connected to MongoDB 
2026-06-05 13:44:27 [info]: Server running on port 3000 
2026-06-05 14:09:23 [warn]: HTTP Request {
  "method": "GET",
  "path": "/manpower/ofbank/list",
  "status": 401,
  "duration": "3ms",
  "ip": "::1",
  "userAgent": "PostmanRuntime/7.54.0",
  "userId": "anonymous"
}
2026-06-08 08:21:45 [info]: Connected to MongoDB 
2026-06-08 08:21:45 [info]: Server running on port 3000 
2026-06-08 18:57:00 [info]: Connected to MongoDB 
2026-06-08 18:57:00 [info]: Server running on port 3000 
2026-06-09 10:04:34 [info]: Connected to MongoDB 
2026-06-09 10:04:34 [info]: Server running on port 3000 
2026-06-09 19:39:05 [info]: Connected to MongoDB 
2026-06-09 19:39:05 [info]: Server running on port 3000 
2026-06-09 19:39:18 [warn]: HTTP Request {
  "method": "PATCH",
  "path": "/manpower/ofbank/0/edit",
  "status": 500,
  "duration": "1423ms",
  "ip": "::1",
  "userAgent": "Mozilla/5.0 (Windows NT 10.0; Win64; x64) AppleWebKit/537.36 (KHTML, like Gecko) Chrome/148.0.0.0 Safari/537.36",
  "userId": "695f4b3fc9882594236f3394"
}
2026-06-10 07:42:35 [info]: Connected to MongoDB 
2026-06-10 07:42:35 [info]: Server running on port 3000 
2026-06-10 08:41:21 [info]: Connected to MongoDB 
2026-06-10 08:41:21 [info]: Server running on port 3000 
2026-06-10 09:28:14 [info]: Connected to MongoDB 
2026-06-10 09:28:14 [info]: Server running on port 3000 
2026-06-10 09:28:46 [info]: Connected to MongoDB 
2026-06-10 09:28:46 [info]: Server running on port 3000 
2026-06-10 09:29:00 [info]: Connected to MongoDB 
2026-06-10 09:29:00 [info]: Server running on port 3000 
2026-06-10 09:29:05 [info]: Connected to MongoDB 
2026-06-10 09:29:05 [info]: Server running on port 3000 
2026-06-10 09:29:09 [info]: Connected to MongoDB 
2026-06-10 09:29:09 [info]: Server running on port 3000 
2026-06-10 09:29:32 [info]: Connected to MongoDB 
2026-06-10 09:29:32 [info]: Server running on port 3000 
2026-06-10 09:29:36 [info]: Connected to MongoDB 
2026-06-10 09:29:36 [info]: Server running on port 3000 
2026-06-10 09:29:40 [info]: Connected to MongoDB 
2026-06-10 09:29:40 [info]: Server running on port 3000 
2026-06-10 09:29:42 [info]: Connected to MongoDB 
2026-06-10 09:29:42 [info]: Server running on port 3000 
2026-06-10 09:29:46 [info]: Connected to MongoDB 
2026-06-10 09:29:46 [info]: Server running on port 3000 
2026-06-10 10:54:23 [info]: Connected to MongoDB 
2026-06-10 10:54:23 [info]: Server running on port 3000 
2026-06-10 11:26:03 [info]: Connected to MongoDB 
2026-06-10 11:26:03 [info]: Server running on port 3000 
2026-06-10 15:57:37 [warn]: HTTP Request {
  "method": "POST",
  "path": "/manpower/ofbank/add",
  "status": 500,
  "duration": "3606ms",
  "ip": "::1",
  "userAgent": "Mozilla/5.0 (Windows NT 10.0; Win64; x64) AppleWebKit/537.36 (KHTML, like Gecko) Chrome/149.0.0.0 Safari/537.36",
  "userId": "695f4b3fc9882594236f3394"
}
2026-06-10 17:21:55 [info]: Connected to MongoDB 
2026-06-10 17:21:55 [info]: Server running on port 3000 
2026-06-10 17:21:58 [info]: Connected to MongoDB 
2026-06-10 17:21:58 [info]: Server running on port 3000 
2026-06-10 17:22:25 [info]: Connected to MongoDB 
2026-06-10 17:22:25 [info]: Server running on port 3000 
2026-06-10 17:22:32 [info]: Connected to MongoDB 
2026-06-10 17:22:32 [info]: Server running on port 3000 
2026-06-10 17:22:41 [info]: Connected to MongoDB 
2026-06-10 17:22:41 [info]: Server running on port 3000 
2026-06-10 17:23:21 [info]: Connected to MongoDB 
2026-06-10 17:23:21 [info]: Server running on port 3000 
2026-06-10 17:23:26 [info]: Connected to MongoDB 
2026-06-10 17:23:26 [info]: Server running on port 3000 
2026-06-10 17:23:33 [info]: Connected to MongoDB 
2026-06-10 17:23:33 [info]: Server running on port 3000 
2026-06-10 17:23:49 [info]: Connected to MongoDB 
2026-06-10 17:23:49 [info]: Server running on port 3000 
2026-06-10 17:23:53 [info]: Connected to MongoDB 
2026-06-10 17:23:53 [info]: Server running on port 3000 
2026-06-10 17:23:56 [info]: Connected to MongoDB 
2026-06-10 17:23:56 [info]: Server running on port 3000 
2026-06-10 17:24:05 [info]: Connected to MongoDB 
2026-06-10 17:24:05 [info]: Server running on port 3000 
2026-06-10 18:08:10 [info]: Connected to MongoDB 
2026-06-10 18:08:10 [info]: Server running on port 3000 
2026-06-10 18:08:24 [info]: Connected to MongoDB 
2026-06-10 18:08:24 [info]: Server running on port 3000 
2026-06-10 18:08:28 [info]: Connected to MongoDB 
2026-06-10 18:08:28 [info]: Server running on port 3000 
2026-06-10 18:15:45 [info]: Connected to MongoDB 
2026-06-10 18:15:45 [info]: Server running on port 3000 
2026-06-10 18:15:47 [info]: Connected to MongoDB 
2026-06-10 18:15:47 [info]: Server running on port 3000 
2026-06-10 18:15:50 [info]: Connected to MongoDB 
2026-06-10 18:15:50 [info]: Server running on port 3000 
2026-06-10 18:15:58 [info]: Connected to MongoDB 
2026-06-10 18:15:58 [info]: Server running on port 3000 
2026-06-10 18:16:01 [info]: Connected to MongoDB 
2026-06-10 18:16:01 [info]: Server running on port 3000 
2026-06-10 18:16:16 [info]: Connected to MongoDB 
2026-06-10 18:16:16 [info]: Server running on port 3000 
2026-06-10 18:16:25 [info]: Connected to MongoDB 
2026-06-10 18:16:25 [info]: Server running on port 3000 
2026-06-10 18:16:40 [info]: Connected to MongoDB 
2026-06-10 18:16:40 [info]: Server running on port 3000 
2026-06-10 18:19:08 [info]: Connected to MongoDB 
2026-06-10 18:19:08 [info]: Server running on port 3000 
2026-06-10 18:19:10 [info]: Connected to MongoDB 
2026-06-10 18:19:10 [info]: Server running on port 3000 
2026-06-10 18:19:15 [info]: Connected to MongoDB 
2026-06-10 18:19:15 [info]: Server running on port 3000 
2026-06-10 18:19:18 [info]: Connected to MongoDB 
2026-06-10 18:19:18 [info]: Server running on port 3000 
2026-06-10 18:19:44 [info]: Connected to MongoDB 
2026-06-10 18:19:44 [info]: Server running on port 3000 
2026-06-10 18:48:04 [info]: Connected to MongoDB 
2026-06-10 18:48:04 [info]: Server running on port 3000 
2026-06-10 18:49:00 [info]: Connected to MongoDB 
2026-06-10 18:49:00 [info]: Server running on port 3000 
2026-06-10 19:16:19 [info]: Connected to MongoDB 
2026-06-10 19:16:19 [info]: Server running on port 3000 
2026-06-10 19:17:10 [info]: Connected to MongoDB 
2026-06-10 19:17:10 [info]: Server running on port 3000 
2026-06-10 19:17:19 [info]: Connected to MongoDB 
2026-06-10 19:17:19 [info]: Server running on port 3000 
2026-06-10 19:18:52 [info]: Connected to MongoDB 
2026-06-10 19:18:52 [info]: Server running on port 3000 
2026-06-10 19:20:04 [info]: Connected to MongoDB 
2026-06-10 19:20:04 [info]: Server running on port 3000 
2026-06-10 19:20:20 [info]: Connected to MongoDB 
2026-06-10 19:20:20 [info]: Server running on port 3000 
2026-06-10 19:20:57 [info]: Connected to MongoDB 
2026-06-10 19:20:57 [info]: Server running on port 3000 
2026-06-10 19:21:06 [info]: Connected to MongoDB 
2026-06-10 19:21:06 [info]: Server running on port 3000 
2026-06-10 19:22:40 [info]: Connected to MongoDB 
2026-06-10 19:22:40 [info]: Server running on port 3000 
2026-06-10 19:23:35 [info]: Connected to MongoDB 
2026-06-10 19:23:35 [info]: Server running on port 3000 
2026-06-10 19:25:25 [info]: Connected to MongoDB 
2026-06-10 19:25:25 [info]: Server running on port 3000 
2026-06-10 20:27:38 [info]: Connected to MongoDB 
2026-06-10 20:27:38 [info]: Server running on port 3000 
2026-06-11 08:00:49 [info]: Connected to MongoDB 
2026-06-11 08:00:49 [info]: Server running on port 3000 
2026-06-12 11:18:39 [info]: Connected to MongoDB 
2026-06-12 11:18:39 [info]: Server running on port 3000 
2026-06-12 11:19:15 [info]: Connected to MongoDB 
2026-06-12 11:19:15 [info]: Server running on port 3000 
2026-06-12 11:19:42 [info]: Connected to MongoDB 
2026-06-12 11:19:42 [info]: Server running on port 3000 
2026-06-12 11:19:50 [info]: Connected to MongoDB 
2026-06-12 11:19:50 [info]: Server running on port 3000 
2026-06-15 07:36:11 [warn]: HTTP Request {
  "method": "POST",
  "path": "/editor/create/ofbank/ofbank",
  "status": 500,
  "duration": "10375ms",
  "ip": "::1",
  "userAgent": "Mozilla/5.0 (Windows NT 10.0; Win64; x64) AppleWebKit/537.36 (KHTML, like Gecko) Chrome/149.0.0.0 Safari/537.36",
  "userId": "695f4b3fc9882594236f3394"
}
2026-06-15 07:38:26 [info]: Connected to MongoDB 
2026-06-15 07:38:26 [info]: Server running on port 3000 
2026-06-15 07:38:28 [info]: Connected to MongoDB 
2026-06-15 07:38:28 [info]: Server running on port 3000 
2026-06-15 07:38:36 [info]: Connected to MongoDB 
2026-06-15 07:38:36 [info]: Server running on port 3000 
2026-06-15 07:38:39 [warn]: HTTP Request {
  "method": "POST",
  "path": "/editor/create/ofbank/ofbank",
  "status": 500,
  "duration": "1155ms",
  "ip": "::1",
  "userAgent": "Mozilla/5.0 (Windows NT 10.0; Win64; x64) AppleWebKit/537.36 (KHTML, like Gecko) Chrome/149.0.0.0 Safari/537.36",
  "userId": "695f4b3fc9882594236f3394"
}
2026-06-15 07:39:52 [info]: Connected to MongoDB 
2026-06-15 07:39:52 [info]: Server running on port 3000 
2026-06-15 07:40:06 [info]: Connected to MongoDB 
2026-06-15 07:40:06 [info]: Server running on port 3000 
2026-06-15 07:40:19 [info]: Connected to MongoDB 
2026-06-15 07:40:19 [info]: Server running on port 3000 
2026-06-15 07:40:26 [info]: Connected to MongoDB 
2026-06-15 07:40:26 [info]: Server running on port 3000 
2026-06-15 14:06:33 [info]: Connected to MongoDB 
2026-06-15 14:06:33 [info]: Server running on port 3000 
2026-06-16 07:30:57 [info]: Connected to MongoDB 
2026-06-16 07:30:57 [info]: Server running on port 3000 
2026-06-16 08:55:43 [warn]: HTTP Request {
  "method": "PATCH",
  "path": "/editor/ofbank/01O6RSSI4HKP4OJROGGJEJBJQOXXZNLCUV/setup",
  "status": 500,
  "duration": "3380ms",
  "ip": "::1",
  "userAgent": "Mozilla/5.0 (Windows NT 10.0; Win64; x64) AppleWebKit/537.36 (KHTML, like Gecko) Chrome/149.0.0.0 Safari/537.36",
  "userId": "695f4b3fc9882594236f3394"
}
2026-06-16 09:05:56 [info]: Connected to MongoDB 
2026-06-16 09:05:56 [info]: Server running on port 3000 
2026-06-16 09:06:07 [info]: Connected to MongoDB 
2026-06-16 09:06:07 [info]: Server running on port 3000 
2026-06-16 15:28:03 [warn]: HTTP Request {
  "method": "PATCH",
  "path": "/editor/ofbank/01O6RSSI7E2EEESAMADFAI7KYSV4EQKVH6/setup",
  "status": 500,
  "duration": "4519ms",
  "ip": "::1",
  "userAgent": "Mozilla/5.0 (Windows NT 10.0; Win64; x64) AppleWebKit/537.36 (KHTML, like Gecko) Chrome/149.0.0.0 Safari/537.36",
  "userId": "695f4b3fc9882594236f3394"
}
2026-06-16 17:15:12 [info]: Connected to MongoDB 
2026-06-16 17:15:12 [info]: Server running on port 3000 
2026-06-16 17:15:17 [info]: Connected to MongoDB 
2026-06-16 17:15:17 [info]: Server running on port 3000 
2026-06-16 17:15:55 [info]: Connected to MongoDB 
2026-06-16 17:15:55 [info]: Server running on port 3000 
2026-06-16 17:16:03 [info]: Connected to MongoDB 
2026-06-16 17:16:03 [info]: Server running on port 3000 
2026-06-16 17:16:13 [info]: Connected to MongoDB 
2026-06-16 17:16:13 [info]: Server running on port 3000 
2026-06-16 17:16:27 [info]: Connected to MongoDB 
2026-06-16 17:16:27 [info]: Server running on port 3000 
2026-06-16 17:16:30 [info]: Connected to MongoDB 
2026-06-16 17:16:30 [info]: Server running on port 3000 
2026-06-16 17:16:37 [info]: Connected to MongoDB 
2026-06-16 17:16:37 [info]: Server running on port 3000 
2026-06-16 17:16:46 [info]: Connected to MongoDB 
2026-06-16 17:16:46 [info]: Server running on port 3000 
2026-06-16 17:16:55 [info]: Connected to MongoDB 
2026-06-16 17:16:55 [info]: Server running on port 3000 
2026-06-17 08:19:46 [info]: Connected to MongoDB 
2026-06-17 08:19:46 [info]: Server running on port 3000 
2026-06-19 09:31:59 [info]: Connected to MongoDB 
2026-06-19 09:31:59 [info]: Server running on port 3000 
2026-06-22 11:23:42 [info]: Connected to MongoDB 
2026-06-22 11:23:42 [info]: Server running on port 3000 
2026-06-23 08:01:27 [info]: Connected to MongoDB 
2026-06-23 08:01:27 [info]: Server running on port 3000 
2026-06-24 08:35:09 [info]: Connected to MongoDB 
2026-06-24 08:35:09 [info]: Server running on port 3000 
2026-06-24 10:40:55 [info]: Connected to MongoDB 
2026-06-24 10:40:55 [info]: Server running on port 3000 
2026-06-24 10:41:08 [info]: Connected to MongoDB 
2026-06-24 10:41:08 [info]: Server running on port 3000 
2026-06-24 10:41:16 [info]: Connected to MongoDB 
2026-06-24 10:41:16 [info]: Server running on port 3000 
2026-06-24 10:46:49 [warn]: HTTP Request {
  "method": "GET",
  "path": "/auth/me",
  "status": 401,
  "duration": "7ms",
  "ip": "::1",
  "userAgent": "Mozilla/5.0 (Windows NT 10.0; Win64; x64) AppleWebKit/537.36 (KHTML, like Gecko) Chrome/149.0.0.0 Safari/537.36",
  "userId": "anonymous"
}
2026-06-24 10:55:09 [warn]: HTTP Request {
  "method": "PATCH",
  "path": "/editor/monthly-supplies/01O6RSSI4FOKIMVFBNHFA26OAF2MSWX5VN/setup",
  "status": 500,
  "duration": "6948ms",
  "ip": "::1",
  "userAgent": "Mozilla/5.0 (Windows NT 10.0; Win64; x64) AppleWebKit/537.36 (KHTML, like Gecko) Chrome/149.0.0.0 Safari/537.36",
  "userId": "695f4b3fc9882594236f3394"
}
2026-06-24 10:59:22 [info]: Connected to MongoDB 
2026-06-24 10:59:22 [info]: Server running on port 3000 
2026-06-24 11:03:22 [info]: Connected to MongoDB 
2026-06-24 11:03:22 [info]: Server running on port 3000 
2026-06-24 11:03:38 [info]: Connected to MongoDB 
2026-06-24 11:03:38 [info]: Server running on port 3000 
2026-06-24 11:04:14 [info]: Connected to MongoDB 
2026-06-24 11:04:14 [info]: Server running on port 3000 
2026-06-24 11:04:16 [info]: Connected to MongoDB 
2026-06-24 11:04:16 [info]: Server running on port 3000 
2026-06-24 11:04:22 [info]: Connected to MongoDB 
2026-06-24 11:04:22 [info]: Server running on port 3000 
2026-06-24 11:04:25 [info]: Connected to MongoDB 
2026-06-24 11:04:25 [info]: Server running on port 3000 
2026-06-24 11:04:33 [info]: Connected to MongoDB 
2026-06-24 11:04:33 [info]: Server running on port 3000 
2026-06-24 14:33:55 [warn]: HTTP Request {
  "method": "GET",
  "path": "/auth/me",
  "status": 401,
  "duration": "34ms",
  "ip": "::1",
  "userAgent": "Mozilla/5.0 (Windows NT 10.0; Win64; x64) AppleWebKit/537.36 (KHTML, like Gecko) Chrome/149.0.0.0 Safari/537.36",
  "userId": "anonymous"
}
2026-06-24 14:34:15 [error]: Unhandled Error Cannot read properties of undefined (reading 'map') - TypeError: Cannot read properties of undefined (reading 'map')
    at file:///C:/Users/lbrdc/OneDrive/Desktop/billing-system/backend/middleware/validate.middleware.js:29:45
    at Layer.handleRequest (C:\Users\lbrdc\OneDrive\Desktop\billing-system\backend\node_modules\router\lib\layer.js:152:17)
    at next (C:\Users\lbrdc\OneDrive\Desktop\billing-system\backend\node_modules\router\lib\route.js:157:13)
    at file:///C:/Users/lbrdc/OneDrive/Desktop/billing-system/backend/middleware/validateObjectId.middleware.js:32:9
    at Layer.handleRequest (C:\Users\lbrdc\OneDrive\Desktop\billing-system\backend\node_modules\router\lib\layer.js:152:17)
    at next (C:\Users\lbrdc\OneDrive\Desktop\billing-system\backend\node_modules\router\lib\route.js:157:13)
    at Route.dispatch (C:\Users\lbrdc\OneDrive\Desktop\billing-system\backend\node_modules\router\lib\route.js:117:3)
    at handle (C:\Users\lbrdc\OneDrive\Desktop\billing-system\backend\node_modules\router\index.js:435:11)
    at Layer.handleRequest (C:\Users\lbrdc\OneDrive\Desktop\billing-system\backend\node_modules\router\lib\layer.js:152:17)
    at C:\Users\lbrdc\OneDrive\Desktop\billing-system\backend\node_modules\router\index.js:295:15
2026-06-24 14:34:15 [warn]: HTTP Request {
  "method": "PUT",
  "path": "/api/user/6a3b7990d5dadae5428dfb20",
  "status": 500,
  "duration": "6ms",
  "ip": "::1",
  "userAgent": "Mozilla/5.0 (Windows NT 10.0; Win64; x64) AppleWebKit/537.36 (KHTML, like Gecko) Chrome/149.0.0.0 Safari/537.36",
  "userId": "695f4b3fc9882594236f3394"
}
2026-06-24 14:35:44 [info]: Connected to MongoDB 
2026-06-24 14:35:44 [info]: Server running on port 3000 
2026-06-24 14:35:47 [error]: Unhandled Error Cannot read properties of undefined (reading 'map') - TypeError: Cannot read properties of undefined (reading 'map')
    at file:///C:/Users/lbrdc/OneDrive/Desktop/billing-system/backend/middleware/validate.middleware.js:29:45
    at Layer.handleRequest (C:\Users\lbrdc\OneDrive\Desktop\billing-system\backend\node_modules\router\lib\layer.js:152:17)
    at next (C:\Users\lbrdc\OneDrive\Desktop\billing-system\backend\node_modules\router\lib\route.js:157:13)
    at file:///C:/Users/lbrdc/OneDrive/Desktop/billing-system/backend/middleware/validateObjectId.middleware.js:32:9
    at Layer.handleRequest (C:\Users\lbrdc\OneDrive\Desktop\billing-system\backend\node_modules\router\lib\layer.js:152:17)
    at next (C:\Users\lbrdc\OneDrive\Desktop\billing-system\backend\node_modules\router\lib\route.js:157:13)
    at Route.dispatch (C:\Users\lbrdc\OneDrive\Desktop\billing-system\backend\node_modules\router\lib\route.js:117:3)
    at handle (C:\Users\lbrdc\OneDrive\Desktop\billing-system\backend\node_modules\router\index.js:435:11)
    at Layer.handleRequest (C:\Users\lbrdc\OneDrive\Desktop\billing-system\backend\node_modules\router\lib\layer.js:152:17)
    at C:\Users\lbrdc\OneDrive\Desktop\billing-system\backend\node_modules\router\index.js:295:15
2026-06-24 14:35:47 [warn]: HTTP Request {
  "method": "PUT",
  "path": "/api/user/6a3b7990d5dadae5428dfb20",
  "status": 500,
  "duration": "8ms",
  "ip": "::1",
  "userAgent": "Mozilla/5.0 (Windows NT 10.0; Win64; x64) AppleWebKit/537.36 (KHTML, like Gecko) Chrome/149.0.0.0 Safari/537.36",
  "userId": "695f4b3fc9882594236f3394"
}
2026-06-24 14:36:31 [info]: Connected to MongoDB 
2026-06-24 14:36:31 [info]: Server running on port 3000 
2026-06-24 14:36:34 [error]: Unhandled Error error.map is not a function - TypeError: error.map is not a function
    at file:///C:/Users/lbrdc/OneDrive/Desktop/billing-system/backend/middleware/validate.middleware.js:29:38
    at Layer.handleRequest (C:\Users\lbrdc\OneDrive\Desktop\billing-system\backend\node_modules\router\lib\layer.js:152:17)
    at next (C:\Users\lbrdc\OneDrive\Desktop\billing-system\backend\node_modules\router\lib\route.js:157:13)
    at file:///C:/Users/lbrdc/OneDrive/Desktop/billing-system/backend/middleware/validateObjectId.middleware.js:32:9
    at Layer.handleRequest (C:\Users\lbrdc\OneDrive\Desktop\billing-system\backend\node_modules\router\lib\layer.js:152:17)
    at next (C:\Users\lbrdc\OneDrive\Desktop\billing-system\backend\node_modules\router\lib\route.js:157:13)
    at Route.dispatch (C:\Users\lbrdc\OneDrive\Desktop\billing-system\backend\node_modules\router\lib\route.js:117:3)
    at handle (C:\Users\lbrdc\OneDrive\Desktop\billing-system\backend\node_modules\router\index.js:435:11)
    at Layer.handleRequest (C:\Users\lbrdc\OneDrive\Desktop\billing-system\backend\node_modules\router\lib\layer.js:152:17)
    at C:\Users\lbrdc\OneDrive\Desktop\billing-system\backend\node_modules\router\index.js:295:15
2026-06-24 14:36:34 [warn]: HTTP Request {
  "method": "PUT",
  "path": "/api/user/6a3b7990d5dadae5428dfb20",
  "status": 500,
  "duration": "8ms",
  "ip": "::1",
  "userAgent": "Mozilla/5.0 (Windows NT 10.0; Win64; x64) AppleWebKit/537.36 (KHTML, like Gecko) Chrome/149.0.0.0 Safari/537.36",
  "userId": "695f4b3fc9882594236f3394"
}
2026-06-24 14:36:44 [info]: Connected to MongoDB 
2026-06-24 14:36:44 [info]: Server running on port 3000 
2026-06-24 14:37:16 [error]: Unhandled Error Cannot read properties of undefined (reading 'map') - TypeError: Cannot read properties of undefined (reading 'map')
    at file:///C:/Users/lbrdc/OneDrive/Desktop/billing-system/backend/middleware/validate.middleware.js:29:45
    at Layer.handleRequest (C:\Users\lbrdc\OneDrive\Desktop\billing-system\backend\node_modules\router\lib\layer.js:152:17)
    at next (C:\Users\lbrdc\OneDrive\Desktop\billing-system\backend\node_modules\router\lib\route.js:157:13)
    at file:///C:/Users/lbrdc/OneDrive/Desktop/billing-system/backend/middleware/validateObjectId.middleware.js:32:9
    at Layer.handleRequest (C:\Users\lbrdc\OneDrive\Desktop\billing-system\backend\node_modules\router\lib\layer.js:152:17)
    at next (C:\Users\lbrdc\OneDrive\Desktop\billing-system\backend\node_modules\router\lib\route.js:157:13)
    at Route.dispatch (C:\Users\lbrdc\OneDrive\Desktop\billing-system\backend\node_modules\router\lib\route.js:117:3)
    at handle (C:\Users\lbrdc\OneDrive\Desktop\billing-system\backend\node_modules\router\index.js:435:11)
    at Layer.handleRequest (C:\Users\lbrdc\OneDrive\Desktop\billing-system\backend\node_modules\router\lib\layer.js:152:17)
    at C:\Users\lbrdc\OneDrive\Desktop\billing-system\backend\node_modules\router\index.js:295:15
2026-06-24 14:37:16 [warn]: HTTP Request {
  "method": "PUT",
  "path": "/api/user/6a3b7990d5dadae5428dfb20",
  "status": 500,
  "duration": "9ms",
  "ip": "::1",
  "userAgent": "Mozilla/5.0 (Windows NT 10.0; Win64; x64) AppleWebKit/537.36 (KHTML, like Gecko) Chrome/149.0.0.0 Safari/537.36",
  "userId": "695f4b3fc9882594236f3394"
}
2026-06-24 14:46:53 [info]: Connected to MongoDB 
2026-06-24 14:46:53 [info]: Server running on port 3000 
2026-06-24 14:47:06 [info]: Connected to MongoDB 
2026-06-24 14:47:06 [info]: Server running on port 3000 
2026-06-24 15:39:50 [info]: Connected to MongoDB 
2026-06-24 15:39:50 [info]: Server running on port 3000 
2026-06-24 15:40:37 [info]: Connected to MongoDB 
2026-06-24 15:40:37 [info]: Server running on port 3000 
2026-06-24 16:41:35 [warn]: HTTP Request {
  "method": "POST",
  "path": "/editor/create/spad/excel",
  "status": 500,
  "duration": "13358ms",
  "ip": "::1",
  "userAgent": "Mozilla/5.0 (Windows NT 10.0; Win64; x64) AppleWebKit/537.36 (KHTML, like Gecko) Chrome/149.0.0.0 Safari/537.36",
  "userId": "695f4b3fc9882594236f3394"
}
2026-06-24 16:44:38 [info]: Connected to MongoDB 
2026-06-24 16:44:38 [info]: Server running on port 3000 
2026-06-24 16:44:40 [info]: Connected to MongoDB 
2026-06-24 16:44:40 [info]: Server running on port 3000 
2026-06-24 16:47:17 [info]: Connected to MongoDB 
2026-06-24 16:47:17 [info]: Server running on port 3000 
2026-06-24 16:47:19 [info]: Connected to MongoDB 
2026-06-24 16:47:19 [info]: Server running on port 3000 
2026-06-24 16:50:25 [info]: Connected to MongoDB 
2026-06-24 16:50:25 [info]: Server running on port 3000 
2026-06-24 16:50:28 [info]: Connected to MongoDB 
2026-06-24 16:50:28 [info]: Server running on port 3000 
2026-06-24 16:50:34 [info]: Connected to MongoDB 
2026-06-24 16:50:34 [info]: Server running on port 3000 
2026-06-24 16:53:20 [info]: Connected to MongoDB 
2026-06-24 16:53:20 [info]: Server running on port 3000 
2026-06-25 08:05:09 [info]: Connected to MongoDB 
2026-06-25 08:05:09 [info]: Server running on port 3000 
2026-06-25 10:06:10 [info]: Connected to MongoDB 
2026-06-25 10:06:10 [info]: Server running on port 3000 
2026-06-25 14:39:14 [info]: Connected to MongoDB 
2026-06-25 14:39:14 [info]: Server running on port 3000 
2026-06-29 08:20:58 [info]: Connected to MongoDB 
2026-06-29 08:20:58 [info]: Server running on port 3000 
2026-06-29 08:47:38 [warn]: HTTP Request {
  "method": "GET",
  "path": "/manpower/btr/list",
  "status": 500,
  "duration": "890ms",
  "ip": "::1",
  "userAgent": "Mozilla/5.0 (Windows NT 10.0; Win64; x64) AppleWebKit/537.36 (KHTML, like Gecko) Chrome/149.0.0.0 Safari/537.36",
  "userId": "695f4b3fc9882594236f3394"
}
2026-06-29 08:48:03 [warn]: HTTP Request {
  "method": "GET",
  "path": "/manpower/btr/list",
  "status": 500,
  "duration": "436ms",
  "ip": "::1",
  "userAgent": "Mozilla/5.0 (Windows NT 10.0; Win64; x64) AppleWebKit/537.36 (KHTML, like Gecko) Chrome/149.0.0.0 Safari/537.36",
  "userId": "695f4b3fc9882594236f3394"
}
2026-06-29 08:52:37 [warn]: HTTP Request {
  "method": "GET",
  "path": "/manpower/ofbank/list",
  "status": 500,
  "duration": "376ms",
  "ip": "::1",
  "userAgent": "Mozilla/5.0 (Windows NT 10.0; Win64; x64) AppleWebKit/537.36 (KHTML, like Gecko) Chrome/149.0.0.0 Safari/537.36",
  "userId": "695f4b3fc9882594236f3394"
}
2026-06-29 09:15:21 [warn]: HTTP Request {
  "method": "GET",
  "path": "/manpower/btr/list",
  "status": 500,
  "duration": "459ms",
  "ip": "::1",
  "userAgent": "Mozilla/5.0 (Windows NT 10.0; Win64; x64) AppleWebKit/537.36 (KHTML, like Gecko) Chrome/149.0.0.0 Safari/537.36",
  "userId": "695f4b3fc9882594236f3394"
}
2026-06-29 09:15:36 [warn]: HTTP Request {
  "method": "GET",
  "path": "/manpower/btr/list",
  "status": 500,
  "duration": "454ms",
  "ip": "::1",
  "userAgent": "Mozilla/5.0 (Windows NT 10.0; Win64; x64) AppleWebKit/537.36 (KHTML, like Gecko) Chrome/149.0.0.0 Safari/537.36",
  "userId": "695f4b3fc9882594236f3394"
}
2026-06-29 09:16:51 [warn]: HTTP Request {
  "method": "GET",
  "path": "/manpower/btr/list",
  "status": 500,
  "duration": "438ms",
  "ip": "::1",
  "userAgent": "Mozilla/5.0 (Windows NT 10.0; Win64; x64) AppleWebKit/537.36 (KHTML, like Gecko) Chrome/149.0.0.0 Safari/537.36",
  "userId": "695f4b3fc9882594236f3394"
}
2026-06-29 09:19:00 [warn]: HTTP Request {
  "method": "GET",
  "path": "/manpower/btr/list",
  "status": 500,
  "duration": "592ms",
  "ip": "::1",
  "userAgent": "Mozilla/5.0 (Windows NT 10.0; Win64; x64) AppleWebKit/537.36 (KHTML, like Gecko) Chrome/149.0.0.0 Safari/537.36",
  "userId": "695f4b3fc9882594236f3394"
}
2026-06-29 09:19:05 [warn]: HTTP Request {
  "method": "GET",
  "path": "/manpower/btr/list",
  "status": 500,
  "duration": "291ms",
  "ip": "::1",
  "userAgent": "Mozilla/5.0 (Windows NT 10.0; Win64; x64) AppleWebKit/537.36 (KHTML, like Gecko) Chrome/149.0.0.0 Safari/537.36",
  "userId": "695f4b3fc9882594236f3394"
}
2026-06-29 09:19:18 [warn]: HTTP Request {
  "method": "GET",
  "path": "/manpower/btr/list",
  "status": 500,
  "duration": "432ms",
  "ip": "::1",
  "userAgent": "Mozilla/5.0 (Windows NT 10.0; Win64; x64) AppleWebKit/537.36 (KHTML, like Gecko) Chrome/149.0.0.0 Safari/537.36",
  "userId": "695f4b3fc9882594236f3394"
}
2026-06-29 09:19:20 [warn]: HTTP Request {
  "method": "GET",
  "path": "/manpower/btr/list",
  "status": 500,
  "duration": "283ms",
  "ip": "::1",
  "userAgent": "Mozilla/5.0 (Windows NT 10.0; Win64; x64) AppleWebKit/537.36 (KHTML, like Gecko) Chrome/149.0.0.0 Safari/537.36",
  "userId": "695f4b3fc9882594236f3394"
}
2026-06-29 09:20:50 [warn]: HTTP Request {
  "method": "GET",
  "path": "/manpower/btr/list",
  "status": 500,
  "duration": "519ms",
  "ip": "::1",
  "userAgent": "Mozilla/5.0 (Windows NT 10.0; Win64; x64) AppleWebKit/537.36 (KHTML, like Gecko) Chrome/149.0.0.0 Safari/537.36",
  "userId": "695f4b3fc9882594236f3394"
}
2026-06-29 09:20:54 [warn]: HTTP Request {
  "method": "GET",
  "path": "/manpower/btr/list",
  "status": 500,
  "duration": "243ms",
  "ip": "::1",
  "userAgent": "Mozilla/5.0 (Windows NT 10.0; Win64; x64) AppleWebKit/537.36 (KHTML, like Gecko) Chrome/149.0.0.0 Safari/537.36",
  "userId": "695f4b3fc9882594236f3394"
}
2026-06-29 09:20:57 [warn]: HTTP Request {
  "method": "GET",
  "path": "/manpower/btr/list",
  "status": 500,
  "duration": "355ms",
  "ip": "::1",
  "userAgent": "Mozilla/5.0 (Windows NT 10.0; Win64; x64) AppleWebKit/537.36 (KHTML, like Gecko) Chrome/149.0.0.0 Safari/537.36",
  "userId": "695f4b3fc9882594236f3394"
}
2026-06-29 09:21:15 [warn]: HTTP Request {
  "method": "GET",
  "path": "/manpower/btr/list",
  "status": 500,
  "duration": "414ms",
  "ip": "::1",
  "userAgent": "Mozilla/5.0 (Windows NT 10.0; Win64; x64) AppleWebKit/537.36 (KHTML, like Gecko) Chrome/149.0.0.0 Safari/537.36",
  "userId": "695f4b3fc9882594236f3394"
}
2026-06-29 09:22:11 [warn]: HTTP Request {
  "method": "GET",
  "path": "/manpower/btr/list",
  "status": 500,
  "duration": "668ms",
  "ip": "::1",
  "userAgent": "Mozilla/5.0 (Windows NT 10.0; Win64; x64) AppleWebKit/537.36 (KHTML, like Gecko) Chrome/149.0.0.0 Safari/537.36",
  "userId": "695f4b3fc9882594236f3394"
}
2026-06-29 09:23:03 [warn]: HTTP Request {
  "method": "GET",
  "path": "/manpower/btr/list",
  "status": 500,
  "duration": "468ms",
  "ip": "::1",
  "userAgent": "Mozilla/5.0 (Windows NT 10.0; Win64; x64) AppleWebKit/537.36 (KHTML, like Gecko) Chrome/149.0.0.0 Safari/537.36",
  "userId": "695f4b3fc9882594236f3394"
}
2026-06-29 09:23:28 [warn]: HTTP Request {
  "method": "GET",
  "path": "/manpower/btr/list",
  "status": 500,
  "duration": "459ms",
  "ip": "::1",
  "userAgent": "Mozilla/5.0 (Windows NT 10.0; Win64; x64) AppleWebKit/537.36 (KHTML, like Gecko) Chrome/149.0.0.0 Safari/537.36",
  "userId": "695f4b3fc9882594236f3394"
}
2026-06-29 09:24:32 [warn]: HTTP Request {
  "method": "GET",
  "path": "/manpower/btr/list",
  "status": 500,
  "duration": "443ms",
  "ip": "::1",
  "userAgent": "Mozilla/5.0 (Windows NT 10.0; Win64; x64) AppleWebKit/537.36 (KHTML, like Gecko) Chrome/149.0.0.0 Safari/537.36",
  "userId": "695f4b3fc9882594236f3394"
}
2026-06-29 09:25:20 [warn]: HTTP Request {
  "method": "GET",
  "path": "/manpower/btr/list",
  "status": 500,
  "duration": "427ms",
  "ip": "::1",
  "userAgent": "Mozilla/5.0 (Windows NT 10.0; Win64; x64) AppleWebKit/537.36 (KHTML, like Gecko) Chrome/149.0.0.0 Safari/537.36",
  "userId": "695f4b3fc9882594236f3394"
}
2026-06-29 09:25:25 [warn]: HTTP Request {
  "method": "GET",
  "path": "/manpower/btr/list",
  "status": 500,
  "duration": "372ms",
  "ip": "::1",
  "userAgent": "Mozilla/5.0 (Windows NT 10.0; Win64; x64) AppleWebKit/537.36 (KHTML, like Gecko) Chrome/149.0.0.0 Safari/537.36",
  "userId": "695f4b3fc9882594236f3394"
}
2026-06-29 09:25:26 [warn]: HTTP Request {
  "method": "GET",
  "path": "/manpower/btr/list",
  "status": 500,
  "duration": "319ms",
  "ip": "::1",
  "userAgent": "Mozilla/5.0 (Windows NT 10.0; Win64; x64) AppleWebKit/537.36 (KHTML, like Gecko) Chrome/149.0.0.0 Safari/537.36",
  "userId": "695f4b3fc9882594236f3394"
}
2026-06-29 09:25:46 [warn]: HTTP Request {
  "method": "GET",
  "path": "/manpower/btr/list",
  "status": 500,
  "duration": "443ms",
  "ip": "::1",
  "userAgent": "Mozilla/5.0 (Windows NT 10.0; Win64; x64) AppleWebKit/537.36 (KHTML, like Gecko) Chrome/149.0.0.0 Safari/537.36",
  "userId": "695f4b3fc9882594236f3394"
}
2026-06-29 09:25:59 [warn]: HTTP Request {
  "method": "GET",
  "path": "/manpower/btr/list",
  "status": 500,
  "duration": "421ms",
  "ip": "::1",
  "userAgent": "Mozilla/5.0 (Windows NT 10.0; Win64; x64) AppleWebKit/537.36 (KHTML, like Gecko) Chrome/149.0.0.0 Safari/537.36",
  "userId": "695f4b3fc9882594236f3394"
}
2026-06-29 09:26:30 [warn]: HTTP Request {
  "method": "GET",
  "path": "/manpower/ofbank/list",
  "status": 500,
  "duration": "404ms",
  "ip": "::1",
  "userAgent": "Mozilla/5.0 (Windows NT 10.0; Win64; x64) AppleWebKit/537.36 (KHTML, like Gecko) Chrome/149.0.0.0 Safari/537.36",
  "userId": "695f4b3fc9882594236f3394"
}
2026-06-29 10:28:04 [warn]: HTTP Request {
  "method": "GET",
  "path": "/manpower/btr/list",
  "status": 500,
  "duration": "992ms",
  "ip": "::1",
  "userAgent": "Mozilla/5.0 (Windows NT 10.0; Win64; x64) AppleWebKit/537.36 (KHTML, like Gecko) Chrome/149.0.0.0 Safari/537.36",
  "userId": "695f4b3fc9882594236f3394"
}
2026-06-29 17:14:07 [info]: Connected to MongoDB 
2026-06-29 17:14:07 [info]: Server running on port 3000 
2026-07-14 08:27:30 [info]: Connected to MongoDB 
2026-07-14 08:27:30 [info]: Server running on port 3000 
2026-07-14 08:28:39 [warn]: HTTP Request {
  "method": "GET",
  "path": "/manpower/btr/0",
  "status": 500,
  "duration": "260ms",
  "ip": "::1",
  "userAgent": "Mozilla/5.0 (Windows NT 10.0; Win64; x64) AppleWebKit/537.36 (KHTML, like Gecko) Chrome/150.0.0.0 Safari/537.36",
  "userId": "695f4b3fc9882594236f3394"
}
2026-07-14 08:38:55 [warn]: HTTP Request {
  "method": "GET",
  "path": "/manpower/btr/0",
  "status": 500,
  "duration": "235ms",
  "ip": "::1",
  "userAgent": "Mozilla/5.0 (Windows NT 10.0; Win64; x64) AppleWebKit/537.36 (KHTML, like Gecko) Chrome/150.0.0.0 Safari/537.36",
  "userId": "695f4b3fc9882594236f3394"
}
2026-07-14 08:40:08 [warn]: HTTP Request {
  "method": "GET",
  "path": "/manpower/btr/0",
  "status": 500,
  "duration": "245ms",
  "ip": "::1",
  "userAgent": "Mozilla/5.0 (Windows NT 10.0; Win64; x64) AppleWebKit/537.36 (KHTML, like Gecko) Chrome/150.0.0.0 Safari/537.36",
  "userId": "695f4b3fc9882594236f3394"
}
2026-07-14 08:41:32 [warn]: HTTP Request {
  "method": "GET",
  "path": "/manpower/btr/0",
  "status": 500,
  "duration": "273ms",
  "ip": "::1",
  "userAgent": "Mozilla/5.0 (Windows NT 10.0; Win64; x64) AppleWebKit/537.36 (KHTML, like Gecko) Chrome/150.0.0.0 Safari/537.36",
  "userId": "695f4b3fc9882594236f3394"
}
2026-07-17 08:06:15 [info]: Connected to MongoDB 
2026-07-17 08:06:15 [info]: Server running on port 3000 
2026-07-17 08:22:18 [warn]: HTTP Request {
  "method": "GET",
  "path": "/auth/me",
  "status": 401,
  "duration": "4ms",
  "ip": "::1",
  "userAgent": "Mozilla/5.0 (Windows NT 10.0; Win64; x64) AppleWebKit/537.36 (KHTML, like Gecko) Chrome/150.0.0.0 Safari/537.36",
  "userId": "anonymous"
}
2026-07-17 08:43:17 [error]: Unhandled Error Cannot read properties of undefined (reading 'map') - TypeError: Cannot read properties of undefined (reading 'map')
    at file:///C:/Users/lbrdc/OneDrive/Desktop/billing-system/backend/middleware/validate.middleware.js:29:45
    at Layer.handleRequest (C:\Users\lbrdc\OneDrive\Desktop\billing-system\backend\node_modules\router\lib\layer.js:152:17)
    at next (C:\Users\lbrdc\OneDrive\Desktop\billing-system\backend\node_modules\router\lib\route.js:157:13)
    at file:///C:/Users/lbrdc/OneDrive/Desktop/billing-system/backend/node_modules/express-rate-limit/dist/index.mjs:970:7
    at process.processTicksAndRejections (node:internal/process/task_queues:104:5)
    at async file:///C:/Users/lbrdc/OneDrive/Desktop/billing-system/backend/node_modules/express-rate-limit/dist/index.mjs:825:5
2026-07-17 08:43:17 [warn]: HTTP Request {
  "method": "POST",
  "path": "/api/auth/signup",
  "status": 500,
  "duration": "2ms",
  "ip": "::1",
  "userAgent": "Mozilla/5.0 (Windows NT 10.0; Win64; x64) AppleWebKit/537.36 (KHTML, like Gecko) Chrome/150.0.0.0 Safari/537.36",
  "userId": "anonymous"
}
2026-07-17 08:49:12 [info]: Connected to MongoDB 
2026-07-17 08:49:12 [info]: Server running on port 3000 
2026-07-17 08:49:51 [info]: Connected to MongoDB 
2026-07-17 08:49:51 [info]: Server running on port 3000 
2026-07-17 08:50:10 [info]: Connected to MongoDB 
2026-07-17 08:50:10 [info]: Server running on port 3000 
2026-07-17 08:50:22 [info]: Connected to MongoDB 
2026-07-17 08:50:22 [info]: Server running on port 3000 
2026-07-17 10:06:46 [info]: Connected to MongoDB 
2026-07-17 10:06:46 [info]: Server running on port 3000 
2026-07-17 10:07:23 [info]: Connected to MongoDB 
2026-07-17 10:07:23 [info]: Server running on port 3000 
2026-07-17 10:27:43 [info]: Connected to MongoDB 
2026-07-17 10:27:43 [info]: Server running on port 3000 
2026-07-17 10:27:57 [info]: Connected to MongoDB 
2026-07-17 10:27:58 [info]: Server running on port 3000 
2026-07-17 10:38:14 [info]: Connected to MongoDB 
2026-07-17 10:38:14 [info]: Server running on port 3000 
2026-07-17 10:38:28 [info]: Connected to MongoDB 
2026-07-17 10:38:28 [info]: Server running on port 3000 
2026-07-20 08:36:17 [info]: Connected to MongoDB 
2026-07-20 08:36:17 [info]: Server running on port 3000 
2026-07-20 16:26:11 [info]: Connected to MongoDB 
2026-07-20 16:26:11 [info]: Server running on port 3000 
2026-07-20 16:26:21 [info]: Connected to MongoDB 
2026-07-20 16:26:21 [info]: Server running on port 3000 
2026-07-20 16:26:29 [info]: Connected to MongoDB 
2026-07-20 16:26:29 [info]: Server running on port 3000 
2026-07-20 16:26:41 [info]: Connected to MongoDB 
2026-07-20 16:26:41 [info]: Server running on port 3000 
2026-07-20 16:26:54 [info]: Connected to MongoDB 
2026-07-20 16:26:54 [info]: Server running on port 3000 
2026-07-20 16:27:10 [info]: Connected to MongoDB 
2026-07-20 16:27:10 [info]: Server running on port 3000 
2026-07-20 16:27:22 [info]: Connected to MongoDB 
2026-07-20 16:27:22 [info]: Server running on port 3000 
2026-07-20 16:27:51 [info]: Connected to MongoDB 
2026-07-20 16:27:51 [info]: Server running on port 3000 
2026-07-20 16:28:06 [info]: Connected to MongoDB 
2026-07-20 16:28:06 [info]: Server running on port 3000 
2026-07-20 16:50:20 [info]: Connected to MongoDB 
2026-07-20 16:50:20 [info]: Server running on port 3000 
2026-07-21 16:10:54 [info]: Connected to MongoDB 
2026-07-21 16:10:54 [info]: Server running on port 3000 
2026-07-21 16:43:04 [info]: Connected to MongoDB 
2026-07-21 16:43:04 [info]: Server running on port 3000 
2026-07-22 07:37:29 [info]: Connected to MongoDB 
2026-07-22 07:37:29 [info]: Server running on port 3000 
2026-07-23 19:20:49 [info]: Connected to MongoDB 
2026-07-23 19:20:49 [info]: Server running on port 3000 
2026-07-23 19:22:16 [info]: Connected to MongoDB 
2026-07-23 19:22:16 [info]: Server running on port 3000 
2026-07-23 19:22:33 [info]: Connected to MongoDB 
2026-07-23 19:22:33 [info]: Server running on port 3000 
2026-07-23 19:22:52 [info]: Connected to MongoDB 
2026-07-23 19:22:52 [info]: Server running on port 3000 
2026-07-23 19:26:36 [info]: Connected to MongoDB 
2026-07-23 19:26:36 [info]: Server running on port 3000 
2026-07-23 19:26:44 [info]: Connected to MongoDB 
2026-07-23 19:26:44 [info]: Server running on port 3000 
2026-07-27 08:53:47 [info]: Connected to MongoDB 
2026-07-27 08:53:47 [info]: Server running on port 3000 
2026-07-28 08:06:09 [info]: Connected to MongoDB 
2026-07-28 08:06:09 [info]: Server running on port 3000 
2026-07-31 09:33:54 [info]: Connected to MongoDB 
2026-07-31 09:33:54 [info]: Server running on port 3000 
2026-07-31 09:35:28 [warn]: HTTP Request {
  "method": "PATCH",
  "path": "/editor/dof/null/01O6RSSI6TCBMPHGLKOZFIL4CFDGE7WZRT/setup",
  "status": 500,
  "duration": "3486ms",
  "ip": "::1",
  "userAgent": "Mozilla/5.0 (Windows NT 10.0; Win64; x64) AppleWebKit/537.36 (KHTML, like Gecko) Chrome/151.0.0.0 Safari/537.36",
  "userId": "695f4b3fc9882594236f3394"
}
2026-07-31 09:36:19 [warn]: HTTP Request {
  "method": "GET",
  "path": "/editor/dof/null/01O6RSSI6TCBMPHGLKOZFIL4CFDGE7WZRT/setup",
  "status": 401,
  "duration": "1ms",
  "ip": "::1",
  "userAgent": "Mozilla/5.0 (Windows NT 10.0; Win64; x64) AppleWebKit/537.36 (KHTML, like Gecko) Chrome/151.0.0.0 Safari/537.36",
  "userId": "anonymous"
}
2026-07-31 09:36:19 [warn]: HTTP Request {
  "method": "GET",
  "path": "/favicon.ico",
  "status": 404,
  "duration": "0ms",
  "ip": "::1",
  "userAgent": "Mozilla/5.0 (Windows NT 10.0; Win64; x64) AppleWebKit/537.36 (KHTML, like Gecko) Chrome/151.0.0.0 Safari/537.36",
  "userId": "anonymous"
}
2026-07-31 09:37:04 [warn]: HTTP Request {
  "method": "POST",
  "path": "/editor/create/DOF/dof/billing",
  "status": 500,
  "duration": "904ms",
  "ip": "::1",
  "userAgent": "Mozilla/5.0 (Windows NT 10.0; Win64; x64) AppleWebKit/537.36 (KHTML, like Gecko) Chrome/151.0.0.0 Safari/537.36",
  "userId": "695f4b3fc9882594236f3394"
}
2026-07-31 17:22:31 [info]: Connected to MongoDB 
2026-07-31 17:22:31 [info]: Server running on port 3000 
2026-08-05 11:07:47 [info]: Connected to MongoDB 
2026-08-05 11:07:47 [info]: Server running on port 3000 
2026-08-11 08:08:28 [info]: Connected to MongoDB 
2026-08-11 08:08:28 [info]: Server running on port 3000 
2026-08-11 17:55:57 [info]: Connected to MongoDB 
2026-08-11 17:55:57 [info]: Server running on port 3000 
2026-08-11 17:56:54 [info]: Connected to MongoDB 
2026-08-11 17:56:54 [info]: Server running on port 3000 
2026-08-11 17:57:35 [info]: Connected to MongoDB 
2026-08-11 17:57:35 [info]: Server running on port 3000 
2026-08-11 17:57:51 [info]: Connected to MongoDB 
2026-08-11 17:57:51 [info]: Server running on port 3000 
2026-08-11 17:58:16 [info]: Connected to MongoDB 
2026-08-11 17:58:16 [info]: Server running on port 3000 
2026-08-11 17:58:29 [info]: Connected to MongoDB 
2026-08-11 17:58:29 [info]: Server running on port 3000 
2026-08-11 18:23:26 [warn]: HTTP Request {
  "method": "GET",
  "path": "/editor/templates/dof",
  "status": 500,
  "duration": "305ms",
  "ip": "::ffff:127.0.0.1",
  "userAgent": "Mozilla/5.0 (Windows NT 10.0; Win64; x64; rv:153.0) Gecko/20100101 Firefox/153.0",
  "userId": "695f4b3fc9882594236f3394"
}
2026-08-11 18:28:27 [warn]: HTTP Request {
  "method": "GET",
  "path": "/editor/templates/dof",
  "status": 500,
  "duration": "369ms",
  "ip": "::ffff:127.0.0.1",
  "userAgent": "Mozilla/5.0 (Windows NT 10.0; Win64; x64; rv:153.0) Gecko/20100101 Firefox/153.0",
  "userId": "695f4b3fc9882594236f3394"
}
2026-08-11 18:29:45 [warn]: HTTP Request {
  "method": "GET",
  "path": "/editor/templates/dof",
  "status": 500,
  "duration": "406ms",
  "ip": "::ffff:127.0.0.1",
  "userAgent": "Mozilla/5.0 (Windows NT 10.0; Win64; x64; rv:153.0) Gecko/20100101 Firefox/153.0",
  "userId": "695f4b3fc9882594236f3394"
}
2026-08-11 18:31:01 [warn]: HTTP Request {
  "method": "GET",
  "path": "/editor/templates/dof",
  "status": 500,
  "duration": "359ms",
  "ip": "::ffff:127.0.0.1",
  "userAgent": "Mozilla/5.0 (Windows NT 10.0; Win64; x64; rv:153.0) Gecko/20100101 Firefox/153.0",
  "userId": "695f4b3fc9882594236f3394"
}
2026-08-11 18:31:53 [warn]: HTTP Request {
  "method": "GET",
  "path": "/editor/templates/dof",
  "status": 500,
  "duration": "376ms",
  "ip": "::ffff:127.0.0.1",
  "userAgent": "Mozilla/5.0 (Windows NT 10.0; Win64; x64; rv:153.0) Gecko/20100101 Firefox/153.0",
  "userId": "695f4b3fc9882594236f3394"
}
2026-08-11 18:33:39 [warn]: HTTP Request {
  "method": "GET",
  "path": "/editor/templates/dof",
  "status": 500,
  "duration": "396ms",
  "ip": "::ffff:127.0.0.1",
  "userAgent": "Mozilla/5.0 (Windows NT 10.0; Win64; x64; rv:153.0) Gecko/20100101 Firefox/153.0",
  "userId": "695f4b3fc9882594236f3394"
}
2026-08-11 18:35:05 [warn]: HTTP Request {
  "method": "GET",
  "path": "/editor/templates/dof",
  "status": 500,
  "duration": "306ms",
  "ip": "::ffff:127.0.0.1",
  "userAgent": "Mozilla/5.0 (Windows NT 10.0; Win64; x64; rv:153.0) Gecko/20100101 Firefox/153.0",
  "userId": "695f4b3fc9882594236f3394"
}
2026-08-11 18:35:14 [warn]: HTTP Request {
  "method": "GET",
  "path": "/editor/templates/ofbank",
  "status": 500,
  "duration": "276ms",
  "ip": "::ffff:127.0.0.1",
  "userAgent": "Mozilla/5.0 (Windows NT 10.0; Win64; x64; rv:153.0) Gecko/20100101 Firefox/153.0",
  "userId": "695f4b3fc9882594236f3394"
}
2026-08-11 18:35:44 [info]: Connected to MongoDB 
2026-08-11 18:35:44 [info]: Server running on port 3000 
2026-08-11 18:36:10 [warn]: HTTP Request {
  "method": "POST",
  "path": "/editor/create/DOF/dof/timekeeping",
  "status": 500,
  "duration": "6796ms",
  "ip": "::ffff:127.0.0.1",
  "userAgent": "Mozilla/5.0 (Windows NT 10.0; Win64; x64; rv:153.0) Gecko/20100101 Firefox/153.0",
  "userId": "695f4b3fc9882594236f3394"
}
2026-08-11 18:37:21 [info]: Connected to MongoDB 
2026-08-11 18:37:21 [info]: Server running on port 3000 
2026-08-11 18:40:46 [warn]: HTTP Request {
  "method": "POST",
  "path": "/editor/create/DOF/dof/timekeeping",
  "status": 500,
  "duration": "989ms",
  "ip": "::ffff:127.0.0.1",
  "userAgent": "Mozilla/5.0 (Windows NT 10.0; Win64; x64; rv:153.0) Gecko/20100101 Firefox/153.0",
  "userId": "695f4b3fc9882594236f3394"
}
2026-08-11 18:41:36 [warn]: HTTP Request {
  "method": "PATCH",
  "path": "/editor/dof/null/01O6RSSI3HCOY5KYDRD5CZAS5CQT6BFHOH/setup",
  "status": 500,
  "duration": "3968ms",
  "ip": "::ffff:127.0.0.1",
  "userAgent": "Mozilla/5.0 (Windows NT 10.0; Win64; x64; rv:153.0) Gecko/20100101 Firefox/153.0",
  "userId": "695f4b3fc9882594236f3394"
}
2026-08-11 18:58:43 [info]: Connected to MongoDB 
2026-08-11 18:58:43 [info]: Server running on port 3000 
2026-08-11 18:59:01 [info]: Connected to MongoDB 
2026-08-11 18:59:01 [info]: Server running on port 3000 
2026-08-11 18:59:24 [info]: Connected to MongoDB 
2026-08-11 18:59:24 [info]: Server running on port 3000 
2026-08-11 19:01:45 [warn]: HTTP Request {
  "method": "PATCH",
  "path": "/editor/dof/null/01O6RSSI4DJEC4FET2TRBZZ2MZVFAUOJP3/setup",
  "status": 500,
  "duration": "4149ms",
  "ip": "::ffff:127.0.0.1",
  "userAgent": "Mozilla/5.0 (Windows NT 10.0; Win64; x64; rv:153.0) Gecko/20100101 Firefox/153.0",
  "userId": "695f4b3fc9882594236f3394"
}
2026-08-11 19:05:21 [info]: Connected to MongoDB 
2026-08-11 19:05:21 [info]: Server running on port 3000 
2026-08-11 19:05:23 [info]: Connected to MongoDB 
2026-08-11 19:05:23 [info]: Server running on port 3000 
2026-08-11 19:05:25 [info]: Connected to MongoDB 
2026-08-11 19:05:25 [info]: Server running on port 3000 
2026-08-11 19:05:27 [info]: Connected to MongoDB 
2026-08-11 19:05:27 [info]: Server running on port 3000 
2026-08-11 19:05:30 [info]: Connected to MongoDB 
2026-08-11 19:05:30 [info]: Server running on port 3000 
2026-08-11 19:05:47 [info]: Connected to MongoDB 
2026-08-11 19:05:47 [info]: Server running on port 3000 
2026-08-11 19:06:02 [info]: Connected to MongoDB 
2026-08-11 19:06:02 [info]: Server running on port 3000 
2026-08-11 19:06:12 [info]: Connected to MongoDB 
2026-08-11 19:06:12 [info]: Server running on port 3000 
2026-08-11 19:07:23 [warn]: HTTP Request {
  "method": "PATCH",
  "path": "/editor/dof/null/01O6RSSI23U2DJYIHK45BKUJ5S6GVXC5VI/setup",
  "status": 500,
  "duration": "2597ms",
  "ip": "::ffff:127.0.0.1",
  "userAgent": "Mozilla/5.0 (Windows NT 10.0; Win64; x64; rv:153.0) Gecko/20100101 Firefox/153.0",
  "userId": "695f4b3fc9882594236f3394"
}
2026-08-11 19:11:01 [info]: Connected to MongoDB 
2026-08-11 19:11:01 [info]: Server running on port 3000 
2026-08-11 19:11:18 [info]: Connected to MongoDB 
2026-08-11 19:11:18 [info]: Server running on port 3000 
2026-08-11 19:14:27 [warn]: HTTP Request {
  "method": "PATCH",
  "path": "/editor/dof/null/01O6RSSI5BLCEVID673VA3KHTD5H77ONCK/setup",
  "status": 500,
  "duration": "3422ms",
  "ip": "::ffff:127.0.0.1",
  "userAgent": "Mozilla/5.0 (Windows NT 10.0; Win64; x64; rv:153.0) Gecko/20100101 Firefox/153.0",
  "userId": "695f4b3fc9882594236f3394"
}
2026-08-11 19:20:13 [info]: Connected to MongoDB 
2026-08-11 19:20:13 [info]: Server running on port 3000 
2026-08-11 19:20:35 [info]: Connected to MongoDB 
2026-08-11 19:20:35 [info]: Server running on port 3000 
2026-08-11 19:22:17 [warn]: HTTP Request {
  "method": "PATCH",
  "path": "/editor/dof/null/01O6RSSI3G6ZEYF3E5JVFJGNREGDKBTXJV/setup",
  "status": 500,
  "duration": "11207ms",
  "ip": "::ffff:127.0.0.1",
  "userAgent": "Mozilla/5.0 (Windows NT 10.0; Win64; x64; rv:153.0) Gecko/20100101 Firefox/153.0",
  "userId": "695f4b3fc9882594236f3394"
}
2026-08-11 19:29:49 [info]: Connected to MongoDB 
2026-08-11 19:29:49 [info]: Server running on port 3000 
2026-08-11 19:31:17 [warn]: HTTP Request {
  "method": "PATCH",
  "path": "/editor/dof/null/01O6RSSIZFOOX22GBN65BK6YRTBAHIAKNO/setup",
  "status": 500,
  "duration": "23472ms",
  "ip": "::ffff:127.0.0.1",
  "userAgent": "Mozilla/5.0 (Windows NT 10.0; Win64; x64; rv:153.0) Gecko/20100101 Firefox/153.0",
  "userId": "695f4b3fc9882594236f3394"
}
2026-08-11 19:31:58 [info]: Connected to MongoDB 
2026-08-11 19:31:58 [info]: Server running on port 3000 
2026-08-11 19:33:09 [warn]: HTTP Request {
  "method": "PATCH",
  "path": "/editor/dof/null/01O6RSSI6BPAFQDN4QCRCI2W7V2ZPI5BCM/setup",
  "status": 500,
  "duration": "24929ms",
  "ip": "::ffff:127.0.0.1",
  "userAgent": "Mozilla/5.0 (Windows NT 10.0; Win64; x64; rv:153.0) Gecko/20100101 Firefox/153.0",
  "userId": "695f4b3fc9882594236f3394"
}
2026-08-11 19:36:27 [info]: Connected to MongoDB 
2026-08-11 19:36:27 [info]: Server running on port 3000 
2026-08-11 19:51:54 [warn]: HTTP Request {
  "method": "POST",
  "path": "/editor/create/DOF/dof/timekeeping",
  "status": 500,
  "duration": "989ms",
  "ip": "::ffff:127.0.0.1",
  "userAgent": "Mozilla/5.0 (Windows NT 10.0; Win64; x64; rv:153.0) Gecko/20100101 Firefox/153.0",
  "userId": "695f4b3fc9882594236f3394"
}
2026-08-11 19:52:03 [warn]: HTTP Request {
  "method": "POST",
  "path": "/editor/create/DOF/dof/timekeeping",
  "status": 500,
  "duration": "899ms",
  "ip": "::ffff:127.0.0.1",
  "userAgent": "Mozilla/5.0 (Windows NT 10.0; Win64; x64; rv:153.0) Gecko/20100101 Firefox/153.0",
  "userId": "695f4b3fc9882594236f3394"
}
2026-08-11 19:52:08 [warn]: HTTP Request {
  "method": "POST",
  "path": "/editor/create/DOF/dof/timekeeping",
  "status": 500,
  "duration": "1026ms",
  "ip": "::ffff:127.0.0.1",
  "userAgent": "Mozilla/5.0 (Windows NT 10.0; Win64; x64; rv:153.0) Gecko/20100101 Firefox/153.0",
  "userId": "695f4b3fc9882594236f3394"
}
2026-08-11 20:04:39 [info]: Connected to MongoDB 
2026-08-11 20:04:39 [info]: Server running on port 3000 
2026-08-11 20:06:00 [info]: Connected to MongoDB 
2026-08-11 20:06:00 [info]: Server running on port 3000 
2026-08-11 20:13:30 [info]: Connected to MongoDB 
2026-08-11 20:13:30 [info]: Server running on port 3000 
2026-08-11 21:18:15 [info]: Connected to MongoDB 
2026-08-11 21:18:15 [info]: Server running on port 3000 
2026-08-12 13:04:24 [info]: Connected to MongoDB 
2026-08-12 13:04:24 [info]: Server running on port 3000 
2026-08-12 13:22:29 [info]: Connected to MongoDB 
2026-08-12 13:22:29 [info]: Server running on port 3000 
2026-08-12 13:32:14 [warn]: HTTP Request {
  "method": "POST",
  "path": "/editor/create/DOF/dof/timekeeping",
  "status": 500,
  "duration": "736ms",
  "ip": "::ffff:127.0.0.1",
  "userAgent": "Mozilla/5.0 (Windows NT 10.0; Win64; x64; rv:153.0) Gecko/20100101 Firefox/153.0",
  "userId": "695f4b3fc9882594236f3394"
}
2026-08-12 13:34:34 [info]: Connected to MongoDB 
2026-08-12 13:34:34 [info]: Server running on port 3000 
2026-08-12 13:34:43 [info]: Connected to MongoDB 
2026-08-12 13:34:43 [info]: Server running on port 3000 
2026-08-12 13:36:18 [info]: Connected to MongoDB 
2026-08-12 13:36:18 [info]: Server running on port 3000 
2026-08-12 13:36:32 [info]: Connected to MongoDB 
2026-08-12 13:36:32 [info]: Server running on port 3000 
2026-08-12 13:36:47 [info]: Connected to MongoDB 
2026-08-12 13:36:47 [info]: Server running on port 3000 
2026-08-12 13:39:08 [info]: Connected to MongoDB 
2026-08-12 13:39:08 [info]: Server running on port 3000 
2026-08-12 13:39:18 [info]: Connected to MongoDB 
2026-08-12 13:39:18 [info]: Server running on port 3000 
2026-08-13 14:01:25 [warn]: HTTP Request {
  "method": "PATCH",
  "path": "/editor/dof/01O6RSSI44M23GQQ2FZZF3HWTRE3WYJLA2/tables",
  "status": 500,
  "duration": "7420ms",
  "ip": "::ffff:127.0.0.1",
  "userAgent": "Mozilla/5.0 (Windows NT 10.0; Win64; x64; rv:153.0) Gecko/20100101 Firefox/153.0",
  "userId": "695f4b3fc9882594236f3394"
}
2026-08-13 14:09:49 [info]: Connected to MongoDB 
2026-08-13 14:09:49 [info]: Server running on port 3000 
2026-08-13 14:24:43 [info]: Connected to MongoDB 
2026-08-13 14:24:43 [info]: Server running on port 3000 
2026-08-13 14:28:14 [info]: Connected to MongoDB 
2026-08-13 14:28:14 [info]: Server running on port 3000 
2026-08-13 14:34:58 [info]: Connected to MongoDB 
2026-08-13 14:34:58 [info]: Server running on port 3000 
2026-08-13 14:35:07 [info]: Connected to MongoDB 
2026-08-13 14:35:07 [info]: Server running on port 3000 
2026-08-13 15:12:47 [info]: Connected to MongoDB 
2026-08-13 15:12:47 [info]: Server running on port 3000 
2026-08-13 15:18:21 [info]: Connected to MongoDB 
2026-08-13 15:18:21 [info]: Server running on port 3000 
2026-08-13 15:18:54 [info]: Connected to MongoDB 
2026-08-13 15:18:54 [info]: Server running on port 3000 
2026-08-13 15:22:21 [warn]: HTTP Request {
  "method": "PATCH",
  "path": "/editor/dof/01O6RSSIZHGQ5HDWLGPNFY2YZV2CKDZHAL/tables",
  "status": 500,
  "duration": "6108ms",
  "ip": "::ffff:127.0.0.1",
  "userAgent": "Mozilla/5.0 (Windows NT 10.0; Win64; x64; rv:153.0) Gecko/20100101 Firefox/153.0",
  "userId": "695f4b3fc9882594236f3394"
}
2026-08-13 15:23:54 [info]: Connected to MongoDB 
2026-08-13 15:23:54 [info]: Server running on port 3000 
2026-08-13 15:24:12 [info]: Connected to MongoDB 
2026-08-13 15:24:12 [info]: Server running on port 3000 
2026-08-13 15:24:27 [info]: Connected to MongoDB 
2026-08-13 15:24:27 [info]: Server running on port 3000 
2026-08-13 15:32:28 [warn]: HTTP Request {
  "method": "PATCH",
  "path": "/editor/dof/01O6RSSIZHGQ5HDWLGPNFY2YZV2CKDZHAL/tables",
  "status": 500,
  "duration": "438163ms",
  "ip": "::ffff:127.0.0.1",
  "userAgent": "Mozilla/5.0 (Windows NT 10.0; Win64; x64; rv:153.0) Gecko/20100101 Firefox/153.0",
  "userId": "695f4b3fc9882594236f3394"
}
2026-08-13 15:39:35 [info]: Connected to MongoDB 
2026-08-13 15:39:35 [info]: Server running on port 3000 
2026-08-13 15:40:03 [info]: Connected to MongoDB 
2026-08-13 15:40:03 [info]: Server running on port 3000 
2026-08-13 16:19:02 [info]: Connected to MongoDB 
2026-08-13 16:19:02 [info]: Server running on port 3000 
2026-08-13 16:20:39 [info]: Connected to MongoDB 
2026-08-13 16:20:39 [info]: Server running on port 3000 
2026-08-13 16:20:58 [info]: Connected to MongoDB 
2026-08-13 16:20:58 [info]: Server running on port 3000 
2026-08-13 16:30:54 [info]: Connected to MongoDB 
2026-08-13 16:30:54 [info]: Server running on port 3000 
2026-08-13 16:33:06 [info]: Connected to MongoDB 
2026-08-13 16:33:06 [info]: Server running on port 3000 
2026-08-13 16:33:44 [info]: Connected to MongoDB 
2026-08-13 16:33:44 [info]: Server running on port 3000 
2026-08-13 16:47:58 [info]: Connected to MongoDB 
2026-08-13 16:47:58 [info]: Server running on port 3000 
2026-08-13 17:21:02 [info]: Connected to MongoDB 
2026-08-13 17:21:02 [info]: Server running on port 3000 
2026-08-13 17:30:50 [info]: Connected to MongoDB 
2026-08-13 17:30:50 [info]: Server running on port 3000 
2026-08-13 17:35:28 [info]: Connected to MongoDB 
2026-08-13 17:35:28 [info]: Server running on port 3000 
2026-08-14 08:07:12 [info]: Connected to MongoDB 
2026-08-14 08:07:12 [info]: Server running on port 3000 
2026-08-14 08:11:56 [info]: Connected to MongoDB 
2026-08-14 08:11:56 [info]: Server running on port 3000 
2026-08-14 08:26:22 [info]: Connected to MongoDB 
2026-08-14 08:26:22 [info]: Server running on port 3000 
2026-08-14 08:26:26 [info]: Connected to MongoDB 
2026-08-14 08:26:26 [info]: Server running on port 3000 
2026-08-14 08:28:02 [info]: Connected to MongoDB 
2026-08-14 08:28:02 [info]: Server running on port 3000 
2026-08-14 08:31:42 [info]: Connected to MongoDB 
2026-08-14 08:31:42 [info]: Server running on port 3000 
2026-08-14 08:33:39 [info]: Connected to MongoDB 
2026-08-14 08:33:39 [info]: Server running on port 3000 
2026-08-14 08:34:02 [info]: Connected to MongoDB 
2026-08-14 08:34:02 [info]: Server running on port 3000 
2026-08-17 09:11:29 [info]: Connected to MongoDB 
2026-08-17 09:11:29 [info]: Server running on port 3000 
2026-08-17 09:26:14 [warn]: HTTP Request {
  "method": "POST",
  "path": "/auth/login",
  "status": 400,
  "duration": "112ms",
  "ip": "::ffff:127.0.0.1",
  "userAgent": "Mozilla/5.0 (Windows NT 10.0; Win64; x64; rv:153.0) Gecko/20100101 Firefox/153.0",
  "userId": "anonymous"
}
2026-08-17 09:30:34 [warn]: HTTP Request {
  "method": "PATCH",
  "path": "/editor/dof/01O6RSSI5GUVBYQ4NG2VD22QRBJVSYRBUI/tables",
  "status": 500,
  "duration": "143061ms",
  "ip": "::ffff:127.0.0.1",
  "userAgent": "Mozilla/5.0 (Windows NT 10.0; Win64; x64; rv:153.0) Gecko/20100101 Firefox/153.0",
  "userId": "695f4b3fc9882594236f3394"
}
2026-08-25 11:00:02 [info]: Connected to MongoDB 
2026-08-25 11:00:02 [info]: Server running on port 3000 
2026-08-25 11:06:25 [warn]: HTTP Request {
  "method": "PATCH",
  "path": "/editor/dof/01O6RSSI2IT64KPXLFURE3NLCESCLK5SLG/tables",
  "status": 500,
  "duration": "243822ms",
  "ip": "::ffff:127.0.0.1",
  "userAgent": "Mozilla/5.0 (Windows NT 10.0; Win64; x64; rv:154.0) Gecko/20100101 Firefox/154.0",
  "userId": "695f4b3fc9882594236f3394"
}
2026-08-25 11:15:45 [info]: Connected to MongoDB 
2026-08-25 11:15:45 [info]: Server running on port 3000 
2026-08-25 11:18:46 [info]: Connected to MongoDB 
2026-08-25 11:18:46 [info]: Server running on port 3000 
2026-08-25 11:19:10 [info]: Connected to MongoDB 
2026-08-25 11:19:10 [info]: Server running on port 3000 
2026-08-25 11:19:48 [info]: Connected to MongoDB 
2026-08-25 11:19:48 [info]: Server running on port 3000 
2026-08-25 11:20:22 [info]: Connected to MongoDB 
2026-08-25 11:20:22 [info]: Server running on port 3000 
2026-08-25 16:49:10 [info]: Connected to MongoDB 
2026-08-25 16:49:10 [info]: Server running on port 3000 
2026-08-25 16:54:51 [info]: Connected to MongoDB 
2026-08-25 16:54:51 [info]: Server running on port 3000 
2026-08-25 16:58:18 [info]: Connected to MongoDB 
2026-08-25 16:58:18 [info]: Server running on port 3000 
2026-08-25 16:58:43 [info]: Connected to MongoDB 
2026-08-25 16:58:43 [info]: Server running on port 3000 
2026-08-26 07:18:39 [info]: Connected to MongoDB 
2026-08-26 07:18:39 [info]: Server running on port 3000 
2026-08-26 07:22:34 [info]: Connected to MongoDB 
2026-08-26 07:22:34 [info]: Server running on port 3000 
2026-08-26 07:23:09 [info]: Connected to MongoDB 
2026-08-26 07:23:09 [info]: Server running on port 3000 
2026-08-26 07:23:51 [info]: Connected to MongoDB 
2026-08-26 07:23:51 [info]: Server running on port 3000 
2026-08-26 07:24:31 [info]: Connected to MongoDB 
2026-08-26 07:24:31 [info]: Server running on port 3000 
2026-08-26 07:26:31 [info]: Connected to MongoDB 
2026-08-26 07:26:31 [info]: Server running on port 3000 
2026-08-26 07:28:37 [info]: Connected to MongoDB 
2026-08-26 07:28:37 [info]: Server running on port 3000 
2026-08-26 07:29:01 [info]: Connected to MongoDB 
2026-08-26 07:29:01 [info]: Server running on port 3000 
2026-08-26 07:29:17 [info]: Connected to MongoDB 
2026-08-26 07:29:17 [info]: Server running on port 3000 
2026-08-26 16:25:48 [info]: Connected to MongoDB 
2026-08-26 16:25:48 [info]: Server running on port 3000 
2026-09-01 08:20:43 [info]: Connected to MongoDB 
2026-09-01 08:20:43 [info]: Server running on port 3000 
2026-09-01 12:37:53 [info]: Connected to MongoDB 
2026-09-01 12:37:53 [info]: Server running on port 3000 
2026-09-01 17:25:45 [warn]: HTTP Request {
  "method": "PATCH",
  "path": "/editor/dof/01O6RSSIYINNRLN74HKFD3FXOJ2SKMB2NY/tables",
  "status": 500,
  "duration": "2804967ms",
  "ip": "::ffff:127.0.0.1",
  "userAgent": "Mozilla/5.0 (Windows NT 10.0; Win64; x64; rv:154.0) Gecko/20100101 Firefox/154.0",
  "userId": "695f4b3fc9882594236f3394"
}
2026-09-01 18:03:59 [warn]: HTTP Request {
  "method": "PATCH",
  "path": "/editor/dof/01O6RSSIYINNRLN74HKFD3FXOJ2SKMB2NY/tables",
  "status": 500,
  "duration": "128200ms",
  "ip": "::ffff:127.0.0.1",
  "userAgent": "Mozilla/5.0 (Windows NT 10.0; Win64; x64; rv:154.0) Gecko/20100101 Firefox/154.0",
  "userId": "695f4b3fc9882594236f3394"
}
2026-09-01 18:10:42 [info]: Connected to MongoDB 
2026-09-01 18:10:42 [info]: Server running on port 3000 
2026-09-02 06:51:10 [warn]: HTTP Request {
  "method": "PATCH",
  "path": "/editor/dof/01O6RSSIYINNRLN74HKFD3FXOJ2SKMB2NY/tables",
  "status": 500,
  "duration": "45572481ms",
  "ip": "::ffff:127.0.0.1",
  "userAgent": "Mozilla/5.0 (Windows NT 10.0; Win64; x64; rv:154.0) Gecko/20100101 Firefox/154.0",
  "userId": "695f4b3fc9882594236f3394"
}
2026-09-02 11:36:31 [info]: Connected to MongoDB 
2026-09-02 11:36:31 [info]: Server running on port 3000 
2026-09-02 11:36:33 [info]: Connected to MongoDB 
2026-09-02 11:36:33 [info]: Server running on port 3000 
2026-09-02 11:36:37 [info]: Connected to MongoDB 
2026-09-02 11:36:37 [info]: Server running on port 3000 
2026-09-02 11:36:43 [info]: Connected to MongoDB 
2026-09-02 11:36:43 [info]: Server running on port 3000 
2026-09-02 11:36:46 [info]: Connected to MongoDB 
2026-09-02 11:36:46 [info]: Server running on port 3000 
2026-09-02 11:36:54 [info]: Connected to MongoDB 
2026-09-02 11:36:54 [info]: Server running on port 3000 
2026-09-02 12:38:01 [info]: Connected to MongoDB 
2026-09-02 12:38:01 [info]: Server running on port 3000 
2026-09-02 12:38:06 [info]: Connected to MongoDB 
2026-09-02 12:38:06 [info]: Server running on port 3000 
2026-09-02 12:48:38 [info]: Connected to MongoDB 
2026-09-02 12:48:38 [info]: Server running on port 3000 
2026-09-03 07:17:18 [info]: Connected to MongoDB 
2026-09-03 07:17:18 [info]: Server running on port 3000 
2026-09-09 11:56:07 [info]: Connected to MongoDB 
2026-09-09 11:56:07 [info]: Server running on port 3000 
2026-09-09 12:44:44 [info]: Connected to MongoDB 
2026-09-09 12:44:44 [info]: Server running on port 3000 
2026-09-09 12:45:33 [info]: Connected to MongoDB 
2026-09-09 12:45:33 [info]: Server running on port 3000 
2026-09-09 13:41:38 [info]: Connected to MongoDB 
2026-09-09 13:41:38 [info]: Server running on port 3000 
2026-09-09 13:41:46 [info]: Connected to MongoDB 
2026-09-09 13:41:46 [info]: Server running on port 3000 
2026-09-09 13:41:54 [info]: Connected to MongoDB 
2026-09-09 13:41:54 [info]: Server running on port 3000 
2026-09-09 13:42:08 [info]: Connected to MongoDB 
2026-09-09 13:42:08 [info]: Server running on port 3000 
2026-09-09 13:42:28 [info]: Connected to MongoDB 
2026-09-09 13:42:28 [info]: Server running on port 3000 
2026-09-09 13:42:38 [info]: Connected to MongoDB 
2026-09-09 13:42:38 [info]: Server running on port 3000 
2026-09-09 13:42:47 [info]: Connected to MongoDB 
2026-09-09 13:42:47 [info]: Server running on port 3000 
2026-09-09 15:07:29 [warn]: HTTP Request {
  "method": "PATCH",
  "path": "/editor/dof/01O6RSSI3RNU5LT3RY25BKEJAO4JIYEIH4/tables",
  "status": 500,
  "duration": "54684ms",
  "ip": "::ffff:127.0.0.1",
  "userAgent": "Mozilla/5.0 (Windows NT 10.0; Win64; x64; rv:155.0) Gecko/20100101 Firefox/155.0",
  "userId": "695f4b3fc9882594236f3394"
}
2026-09-09 15:20:11 [info]: Connected to MongoDB 
2026-09-09 15:20:12 [info]: Server running on port 3000 
2026-09-09 15:20:55 [info]: Connected to MongoDB 
2026-09-09 15:20:55 [info]: Server running on port 3000 
2026-09-09 15:21:28 [info]: Connected to MongoDB 
2026-09-09 15:21:28 [info]: Server running on port 3000 
2026-09-09 15:21:49 [info]: Connected to MongoDB 
2026-09-09 15:21:49 [info]: Server running on port 3000 
2026-09-09 15:22:15 [info]: Connected to MongoDB 
2026-09-09 15:22:15 [info]: Server running on port 3000 
2026-09-09 15:23:13 [info]: Connected to MongoDB 
2026-09-09 15:23:13 [info]: Server running on port 3000 
